Component: Arm Compiler for Embedded 6.22 Tool: armlink [5ee90200]

==============================================================================

Section Cross References

    startup_stm32g474xx.o(STACK) refers (Special) to heapauxi.o(.text) for __use_two_region_memory
    startup_stm32g474xx.o(HEAP) refers (Special) to heapauxi.o(.text) for __use_two_region_memory
    startup_stm32g474xx.o(RESET) refers (Special) to heapauxi.o(.text) for __use_two_region_memory
    startup_stm32g474xx.o(RESET) refers to startup_stm32g474xx.o(STACK) for __initial_sp
    startup_stm32g474xx.o(RESET) refers to startup_stm32g474xx.o(.text) for Reset_Handler
    startup_stm32g474xx.o(RESET) refers to stm32g4xx_it.o(.text.NMI_Handler) for NMI_Handler
    startup_stm32g474xx.o(RESET) refers to stm32g4xx_it.o(.text.HardFault_Handler) for HardFault_Handler
    startup_stm32g474xx.o(RESET) refers to stm32g4xx_it.o(.text.MemManage_Handler) for MemManage_Handler
    startup_stm32g474xx.o(RESET) refers to stm32g4xx_it.o(.text.BusFault_Handler) for BusFault_Handler
    startup_stm32g474xx.o(RESET) refers to stm32g4xx_it.o(.text.UsageFault_Handler) for UsageFault_Handler
    startup_stm32g474xx.o(RESET) refers to stm32g4xx_it.o(.text.SVC_Handler) for SVC_Handler
    startup_stm32g474xx.o(RESET) refers to stm32g4xx_it.o(.text.DebugMon_Handler) for DebugMon_Handler
    startup_stm32g474xx.o(RESET) refers to stm32g4xx_it.o(.text.PendSV_Handler) for PendSV_Handler
    startup_stm32g474xx.o(RESET) refers to stm32g4xx_it.o(.text.SysTick_Handler) for SysTick_Handler
    startup_stm32g474xx.o(RESET) refers to stm32g4xx_it.o(.text.EXTI1_IRQHandler) for EXTI1_IRQHandler
    startup_stm32g474xx.o(RESET) refers to stm32g4xx_it.o(.text.EXTI2_IRQHandler) for EXTI2_IRQHandler
    startup_stm32g474xx.o(RESET) refers to stm32g4xx_it.o(.text.FDCAN1_IT0_IRQHandler) for FDCAN1_IT0_IRQHandler
    startup_stm32g474xx.o(RESET) refers to stm32g4xx_it.o(.text.TIM4_IRQHandler) for TIM4_IRQHandler
    startup_stm32g474xx.o(RESET) refers to stm32g4xx_it.o(.text.TIM5_IRQHandler) for TIM5_IRQHandler
    startup_stm32g474xx.o(RESET) refers to stm32g4xx_it.o(.text.UART4_IRQHandler) for UART4_IRQHandler
    startup_stm32g474xx.o(RESET) refers to stm32g4xx_it.o(.text.TIM6_DAC_IRQHandler) for TIM6_DAC_IRQHandler
    startup_stm32g474xx.o(RESET) refers to stm32g4xx_it.o(.text.TIM7_DAC_IRQHandler) for TIM7_DAC_IRQHandler
    startup_stm32g474xx.o(RESET) refers to stm32g4xx_it.o(.text.FDCAN2_IT0_IRQHandler) for FDCAN2_IT0_IRQHandler
    startup_stm32g474xx.o(RESET) refers to stm32g4xx_it.o(.text.FDCAN3_IT0_IRQHandler) for FDCAN3_IT0_IRQHandler
    startup_stm32g474xx.o(.text) refers (Special) to heapauxi.o(.text) for __use_two_region_memory
    startup_stm32g474xx.o(.text) refers to system_stm32g4xx.o(.text.SystemInit) for SystemInit
    startup_stm32g474xx.o(.text) refers to __main.o(!!!main) for __main
    startup_stm32g474xx.o(.text) refers to startup_stm32g474xx.o(HEAP) for Heap_Mem
    startup_stm32g474xx.o(.text) refers to startup_stm32g474xx.o(STACK) for Stack_Mem
    main.o(.text.main) refers to stm32g4xx_hal.o(.text.HAL_Init) for HAL_Init
    main.o(.text.main) refers to stm32g4xx_hal_pwr_ex.o(.text.HAL_PWREx_ControlVoltageScaling) for HAL_PWREx_ControlVoltageScaling
    main.o(.text.main) refers to stm32g4xx_hal_rcc.o(.text.HAL_RCC_OscConfig) for HAL_RCC_OscConfig
    main.o(.text.main) refers to stm32g4xx_hal_rcc.o(.text.HAL_RCC_ClockConfig) for HAL_RCC_ClockConfig
    main.o(.text.main) refers to gpio.o(.text.MX_GPIO_Init) for MX_GPIO_Init
    main.o(.text.main) refers to fdcan.o(.text.MX_FDCAN1_Init) for MX_FDCAN1_Init
    main.o(.text.main) refers to fdcan.o(.text.MX_FDCAN2_Init) for MX_FDCAN2_Init
    main.o(.text.main) refers to fdcan.o(.text.MX_FDCAN3_Init) for MX_FDCAN3_Init
    main.o(.text.main) refers to tim.o(.text.MX_TIM5_Init) for MX_TIM5_Init
    main.o(.text.main) refers to tim.o(.text.MX_TIM6_Init) for MX_TIM6_Init
    main.o(.text.main) refers to tim.o(.text.MX_TIM7_Init) for MX_TIM7_Init
    main.o(.text.main) refers to usart.o(.text.MX_UART4_Init) for MX_UART4_Init
    main.o(.text.main) refers to tim.o(.text.MX_TIM4_Init) for MX_TIM4_Init
    main.o(.text.main) refers to fdcan.o(.bss.hfdcan1) for hfdcan1
    main.o(.text.main) refers to fdcan_bsp.o(.text.FDCAN1_Init) for FDCAN1_Init
    main.o(.text.main) refers to fdcan.o(.bss.hfdcan2) for hfdcan2
    main.o(.text.main) refers to fdcan_bsp.o(.text.FDCAN2_Init) for FDCAN2_Init
    main.o(.text.main) refers to fdcan.o(.bss.hfdcan3) for hfdcan3
    main.o(.text.main) refers to fdcan_bsp.o(.text.FDCAN3_Init) for FDCAN3_Init
    main.o(.text.main) refers to tim.o(.bss.htim4) for htim4
    main.o(.text.main) refers to stm32g4xx_hal_tim.o(.text.HAL_TIM_Base_Start_IT) for HAL_TIM_Base_Start_IT
    main.o(.text.main) refers to tim.o(.bss.htim5) for htim5
    main.o(.text.main) refers to tim.o(.bss.htim6) for htim6
    main.o(.text.main) refers to tim.o(.bss.htim7) for htim7
[...]
    [Anonymous Symbol]                       0x080006c0   Section        0  stm32g4xx_it.o(.text.EXTI1_IRQHandler)
    [Anonymous Symbol]                       0x080006c8   Section        0  stm32g4xx_it.o(.text.EXTI2_IRQHandler)
    [Anonymous Symbol]                       0x080006d0   Section        0  encoder.o(.text.Elev_Enc_Calulate)
    [Anonymous Symbol]                       0x0800079c   Section        0  elev_control.o(.text.Elev_State_Send)
    [Anonymous Symbol]                       0x08000878   Section        0  elev_control.o(.text.Elev_State_Set)
    [Anonymous Symbol]                       0x080008a0   Section        0  encoder.o(.text.Enc_Get_Feedback)
    [Anonymous Symbol]                       0x080008bc   Section        0  encoder.o(.text.Enc_Init)
    [Anonymous Symbol]                       0x08000980   Section        0  main.o(.text.Error_Handler)
    [Anonymous Symbol]                       0x0800098c   Section        0  stm32g4xx_it.o(.text.FDCAN1_IT0_IRQHandler)
    [Anonymous Symbol]                       0x08000998   Section        0  fdcan_bsp.o(.text.FDCAN1_Init)
    [Anonymous Symbol]                       0x08000a20   Section        0  stm32g4xx_it.o(.text.FDCAN2_IT0_IRQHandler)
    [Anonymous Symbol]                       0x08000a2c   Section        0  fdcan_bsp.o(.text.FDCAN2_Init)
    [Anonymous Symbol]                       0x08000ab4   Section        0  stm32g4xx_it.o(.text.FDCAN3_IT0_IRQHandler)
    [Anonymous Symbol]                       0x08000ac0   Section        0  fdcan_bsp.o(.text.FDCAN3_Init)
    [Anonymous Symbol]                       0x08000b48   Section        0  fdcan_bsp.o(.text.FDCAN_SendData)
    [Anonymous Symbol]                       0x08000b74   Section        0  stm32g4xx_hal_dma.o(.text.HAL_DMA_Abort)
    [Anonymous Symbol]                       0x08000be4   Section        0  stm32g4xx_hal_dma.o(.text.HAL_DMA_Abort_IT)
    [Anonymous Symbol]                       0x08000c64   Section        0  stm32g4xx_hal.o(.text.HAL_Delay)
    [Anonymous Symbol]                       0x08000c8c   Section        0  stm32g4xx_hal_fdcan.o(.text.HAL_FDCAN_ActivateNotification)
    [Anonymous Symbol]                       0x08000d98   Section        0  stm32g4xx_hal_fdcan.o(.text.HAL_FDCAN_AddMessageToTxFifoQ)
    [Anonymous Symbol]                       0x08000e50   Section        0  stm32g4xx_hal_fdcan.o(.text.HAL_FDCAN_ConfigFilter)
    [Anonymous Symbol]                       0x08000eb0   Section        0  stm32g4xx_hal_fdcan.o(.text.HAL_FDCAN_ConfigGlobalFilter)
    [Anonymous Symbol]                       0x08000ef0   Section        0  stm32g4xx_hal_fdcan.o(.text.HAL_FDCAN_ErrorCallback)
    [Anonymous Symbol]                       0x08000ef4   Section        0  stm32g4xx_hal_fdcan.o(.text.HAL_FDCAN_ErrorStatusCallback)
    [Anonymous Symbol]                       0x08000ef8   Section        0  stm32g4xx_hal_fdcan.o(.text.HAL_FDCAN_GetRxMessage)
    [Anonymous Symbol]                       0x08001050   Section        0  stm32g4xx_hal_fdcan.o(.text.HAL_FDCAN_HighPriorityMessageCallback)
    [Anonymous Symbol]                       0x08001054   Section        0  stm32g4xx_hal_fdcan.o(.text.HAL_FDCAN_IRQHandler)
    [Anonymous Symbol]                       0x080011d0   Section        0  stm32g4xx_hal_fdcan.o(.text.HAL_FDCAN_Init)
    [Anonymous Symbol]                       0x08001438   Section        0  fdcan.o(.text.HAL_FDCAN_MspInit)
    [Anonymous Symbol]                       0x08001614   Section        0  main.o(.text.HAL_FDCAN_RxFifo0Callback)
    [Anonymous Symbol]                       0x080016e4   Section        0  main.o(.text.HAL_FDCAN_RxFifo1Callback)
    [Anonymous Symbol]                       0x0800173c   Section        0  stm32g4xx_hal_fdcan.o(.text.HAL_FDCAN_Start)
    [Anonymous Symbol]                       0x08001768   Section        0  stm32g4xx_hal_fdcan.o(.text.HAL_FDCAN_TimeoutOccurredCallback)
    [Anonymous Symbol]                       0x0800176c   Section        0  stm32g4xx_hal_fdcan.o(.text.HAL_FDCAN_TimestampWraparoundCallback)
    [Anonymous Symbol]                       0x08001770   Section        0  stm32g4xx_hal_fdcan.o(.text.HAL_FDCAN_TxBufferAbortCallback)
    [Anonymous Symbol]                       0x08001774   Section        0  stm32g4xx_hal_fdcan.o(.text.HAL_FDCAN_TxBufferCompleteCallback)
    [Anonymous Symbol]                       0x08001778   Section        0  stm32g4xx_hal_fdcan.o(.text.HAL_FDCAN_TxEventFifoCallback)
    [Anonymous Symbol]                       0x0800177c   Section        0  stm32g4xx_hal_fdcan.o(.text.HAL_FDCAN_TxFifoEmptyCallback)
    [Anonymous Symbol]                       0x08001780   Section        0  main.o(.text.HAL_GPIO_EXTI_Callback)
    [Anonymous Symbol]                       0x0800179c   Section        0  stm32g4xx_hal_gpio.o(.text.HAL_GPIO_EXTI_IRQHandler)
    [Anonymous Symbol]                       0x080017b4   Section        0  stm32g4xx_hal_gpio.o(.text.HAL_GPIO_Init)
    [Anonymous Symbol]                       0x08001968   Section        0  stm32g4xx_hal_gpio.o(.text.HAL_GPIO_WritePin)
    [Anonymous Symbol]                       0x08001974   Section        0  stm32g4xx_hal.o(.text.HAL_GetTick)
    [Anonymous Symbol]                       0x08001980   Section        0  stm32g4xx_hal.o(.text.HAL_IncTick)
    [Anonymous Symbol]                       0x0800199c   Section        0  stm32g4xx_hal.o(.text.HAL_Init)
    [Anonymous Symbol]                       0x080019bc   Section        0  stm32g4xx_hal.o(.text.HAL_InitTick)
    [Anonymous Symbol]                       0x08001a0c   Section        0  stm32g4xx_hal_msp.o(.text.HAL_MspInit)
    [Anonymous Symbol]                       0x08001a40   Section        0  stm32g4xx_hal_cortex.o(.text.HAL_NVIC_EnableIRQ)
    [Anonymous Symbol]                       0x08001a64   Section        0  stm32g4xx_hal_cortex.o(.text.HAL_NVIC_SetPriority)
    [Anonymous Symbol]                       0x08001abc   Section        0  stm32g4xx_hal_cortex.o(.text.HAL_NVIC_SetPriorityGrouping)
    [Anonymous Symbol]                       0x08001adc   Section        0  stm32g4xx_hal_pwr_ex.o(.text.HAL_PWREx_ControlVoltageScaling)
    [Anonymous Symbol]                       0x08001bec   Section        0  stm32g4xx_hal_pwr_ex.o(.text.HAL_PWREx_DisableUCPDDeadBattery)
    [Anonymous Symbol]                       0x08001c00   Section        0  stm32g4xx_hal_rcc_ex.o(.text.HAL_RCCEx_PeriphCLKConfig)
    [Anonymous Symbol]                       0x08001ed8   Section        0  stm32g4xx_hal_rcc.o(.text.HAL_RCC_ClockConfig)
    [Anonymous Symbol]                       0x080021dc   Section        0  stm32g4xx_hal_rcc.o(.text.HAL_RCC_GetPCLK1Freq)
    [Anonymous Symbol]                       0x08002208   Section        0  stm32g4xx_hal_rcc.o(.text.HAL_RCC_GetPCLK2Freq)
    [Anonymous Symbol]                       0x08002234   Section        0  stm32g4xx_hal_rcc.o(.text.HAL_RCC_GetSysClockFreq)
    [Anonymous Symbol]                       0x080022b8   Section        0  stm32g4xx_hal_rcc.o(.text.HAL_RCC_OscConfig)
    [Anonymous Symbol]                       0x08002788   Section        0  stm32g4xx_hal_cortex.o(.text.HAL_SYSTICK_Config)
    [Anonymous Symbol]                       0x080027b4   Section        0  stm32g4xx_hal_tim_ex.o(.text.HAL_TIMEx_Break2Callback)
    [Anonymous Symbol]                       0x080027b8   Section        0  stm32g4xx_hal_tim_ex.o(.text.HAL_TIMEx_BreakCallback)
    [Anonymous Symbol]                       0x080027bc   Section        0  stm32g4xx_hal_tim_ex.o(.text.HAL_TIMEx_CommutCallback)
    [Anonymous Symbol]                       0x080027c0   Section        0  stm32g4xx_hal_tim_ex.o(.text.HAL_TIMEx_DirectionChangeCallback)
    [Anonymous Symbol]                       0x080027c4   Section        0  stm32g4xx_hal_tim_ex.o(.text.HAL_TIMEx_EncoderIndexCallback)
    [Anonymous Symbol]                       0x080027c8   Section        0  stm32g4xx_hal_tim_ex.o(.text.HAL_TIMEx_IndexErrorCallback)
    [Anonymous Symbol]                       0x080027cc   Section        0  stm32g4xx_hal_tim_ex.o(.text.HAL_TIMEx_MasterConfigSynchronization)
    [Anonymous Symbol]                       0x080028ac   Section        0  stm32g4xx_hal_tim_ex.o(.text.HAL_TIMEx_TransitionErrorCallback)
    [Anonymous Symbol]                       0x080028b0   Section        0  stm32g4xx_hal_tim.o(.text.HAL_TIM_Base_Init)
    [Anonymous Symbol]                       0x08002914   Section        0  tim.o(.text.HAL_TIM_Base_MspInit)
    [Anonymous Symbol]                       0x080029bc   Section        0  stm32g4xx_hal_tim.o(.text.HAL_TIM_Base_Start_IT)
    [Anonymous Symbol]                       0x08002a78   Section        0  stm32g4xx_hal_tim.o(.text.HAL_TIM_ConfigClockSource)
    [Anonymous Symbol]                       0x08002c98   Section        0  stm32g4xx_hal_tim.o(.text.HAL_TIM_IC_CaptureCallback)
    [Anonymous Symbol]                       0x08002c9c   Section        0  stm32g4xx_hal_tim.o(.text.HAL_TIM_IRQHandler)
    [Anonymous Symbol]                       0x08002e68   Section        0  stm32g4xx_hal_tim.o(.text.HAL_TIM_OC_DelayElapsedCallback)
    [Anonymous Symbol]                       0x08002e6c   Section        0  stm32g4xx_hal_tim.o(.text.HAL_TIM_PWM_PulseFinishedCallback)
    [Anonymous Symbol]                       0x08002e70   Section        0  main.o(.text.HAL_TIM_PeriodElapsedCallback)
    [Anonymous Symbol]                       0x08002ed0   Section        0  stm32g4xx_hal_tim.o(.text.HAL_TIM_TriggerCallback)
    [Anonymous Symbol]                       0x08002ed4   Section        0  stm32g4xx_hal_uart_ex.o(.text.HAL_UARTEx_DisableFifoMode)
    [Anonymous Symbol]                       0x08002f0c   Section        0  stm32g4xx_hal_uart.o(.text.HAL_UARTEx_RxEventCallback)
    [Anonymous Symbol]                       0x08002f10   Section        0  stm32g4xx_hal_uart_ex.o(.text.HAL_UARTEx_RxFifoFullCallback)
    [Anonymous Symbol]                       0x08002f14   Section        0  stm32g4xx_hal_uart_ex.o(.text.HAL_UARTEx_SetRxFifoThreshold)
    [Anonymous Symbol]                       0x08002fa0   Section        0  stm32g4xx_hal_uart_ex.o(.text.HAL_UARTEx_SetTxFifoThreshold)
    [Anonymous Symbol]                       0x0800302c   Section        0  stm32g4xx_hal_uart_ex.o(.text.HAL_UARTEx_TxFifoEmptyCallback)
    [Anonymous Symbol]                       0x08003030   Section        0  stm32g4xx_hal_uart_ex.o(.text.HAL_UARTEx_WakeupCallback)
    [Anonymous Symbol]                       0x08003034   Section        0  stm32g4xx_hal_uart.o(.text.HAL_UART_ErrorCallback)
    [Anonymous Symbol]                       0x08003038   Section        0  stm32g4xx_hal_uart.o(.text.HAL_UART_IRQHandler)
    [Anonymous Symbol]                       0x08003688   Section        0  stm32g4xx_hal_uart.o(.text.HAL_UART_Init)
    [Anonymous Symbol]                       0x080036ec   Section        0  usart.o(.text.HAL_UART_MspInit)
    [Anonymous Symbol]                       0x08003790   Section        0  stm32g4xx_hal_uart.o(.text.HAL_UART_TxCpltCallback)
    [Anonymous Symbol]                       0x08003794   Section        0  stm32g4xx_it.o(.text.HardFault_Handler)
    [Anonymous Symbol]                       0x08003798   Section        0  fdcan.o(.text.MX_FDCAN1_Init)
    [Anonymous Symbol]                       0x080037ec   Section        0  fdcan.o(.text.MX_FDCAN2_Init)
    [Anonymous Symbol]                       0x08003840   Section        0  fdcan.o(.text.MX_FDCAN3_Init)
    [Anonymous Symbol]                       0x08003894   Section        0  gpio.o(.text.MX_GPIO_Init)
    [Anonymous Symbol]                       0x08003984   Section        0  tim.o(.text.MX_TIM4_Init)
    [Anonymous Symbol]                       0x080039fc   Section        0  tim.o(.text.MX_TIM5_Init)
    [Anonymous Symbol]                       0x08003a74   Section        0  tim.o(.text.MX_TIM6_Init)
    [Anonymous Symbol]                       0x08003ac4   Section        0  tim.o(.text.MX_TIM7_Init)
    [Anonymous Symbol]                       0x08003b14   Section        0  usart.o(.text.MX_UART4_Init)
    [Anonymous Symbol]                       0x08003b98   Section        0  stm32g4xx_it.o(.text.MemManage_Handler)
    [Anonymous Symbol]                       0x08003b9c   Section        0  stm32g4xx_it.o(.text.NMI_Handler)
    [Anonymous Symbol]                       0x08003ba0   Section        0  stm32g4xx_it.o(.text.PendSV_Handler)
    [Anonymous Symbol]                       0x08003ba4   Section        0  rm2006.o(.text.RM2006_Get_Feedback)
    [Anonymous Symbol]                       0x08003bc0   Section        0  rm2006.o(.text.RM2006_Set_I)
    [Anonymous Symbol]                       0x08003c0c   Section        0  rm2006.o(.text.RM2006_Set_Pos)
    [Anonymous Symbol]                       0x080040c4   Section        0  rm2006.o(.text.RM2006_Set_Speed)
    [Anonymous Symbol]                       0x08004224   Section        0  door_control.o(.text.Realtime)
    [Anonymous Symbol]                       0x08004238   Section        0  stm32g4xx_it.o(.text.SVC_Handler)
    [Anonymous Symbol]                       0x0800423c   Section        0  elev_control.o(.text.Set_Elev_Pos)
    [Anonymous Symbol]                       0x0800432c   Section        0  stm32g4xx_it.o(.text.SysTick_Handler)
    [Anonymous Symbol]                       0x08004330   Section        0  system_stm32g4xx.o(.text.SystemInit)
    [Anonymous Symbol]                       0x08004344   Section        0  stm32g4xx_it.o(.text.TIM4_IRQHandler)
    [Anonymous Symbol]                       0x08004350   Section        0  stm32g4xx_it.o(.text.TIM5_IRQHandler)
    [Anonymous Symbol]                       0x0800435c   Section        0  stm32g4xx_it.o(.text.TIM6_DAC_IRQHandler)
    [Anonymous Symbol]                       0x08004368   Section        0  stm32g4xx_it.o(.text.TIM7_DAC_IRQHandler)
    [Anonymous Symbol]                       0x08004374   Section        0  stm32g4xx_hal_tim.o(.text.TIM_Base_SetConfig)
    [Anonymous Symbol]                       0x080044c8   Section        0  stm32g4xx_it.o(.text.UART4_IRQHandler)
    [Anonymous Symbol]                       0x080044d4   Section        0  stm32g4xx_hal_uart.o(.text.UART_AdvFeatureConfig)
    [Anonymous Symbol]                       0x080045bc   Section        0  stm32g4xx_hal_uart.o(.text.UART_CheckIdleState)
    UART_DMAAbortOnError                     0x08004729   Thumb Code    12  stm32g4xx_hal_uart.o(.text.UART_DMAAbortOnError)
    [Anonymous Symbol]                       0x08004728   Section        0  stm32g4xx_hal_uart.o(.text.UART_DMAAbortOnError)
    [Anonymous Symbol]                       0x08004734   Section        0  stm32g4xx_hal_uart.o(.text.UART_SetConfig)
    [Anonymous Symbol]                       0x080049e8   Section        0  stm32g4xx_hal_uart.o(.text.UART_WaitOnFlagUntilTimeout)
    [Anonymous Symbol]                       0x08004d20   Section        0  stm32g4xx_it.o(.text.UsageFault_Handler)
    [Anonymous Symbol]                       0x08004d24   Section        0  elev_control.o(.text.dribble_set)
    [Anonymous Symbol]                       0x08004dcc   Section        0  elev_control.o(.text.elev_status_judge)
    [Anonymous Symbol]                       0x08004eac   Section        0  main.o(.text.main)
    $v0                                      0x08004fa8   Number         0  fpinit.o(x$fpl$fpinit)
    x$fpl$fpinit                             0x08004fa8   Section       26  fpinit.o(x$fpl$fpinit)
    DLCtoBytes                               0x08004ff2   Data          16  stm32g4xx_hal_fdcan.o(.rodata.cst16)
    [Anonymous Symbol]                       0x08004ff2   Section        0  stm32g4xx_hal_fdcan.o(.rodata.cst16)
    .Lswitch.table.UART_SetConfig.5          0x08005004   Data          16  stm32g4xx_hal_uart.o(.rodata.cst16)
    UARTEx_SetNbDataToProcess.numerator      0x08005014   Data           8  stm32g4xx_hal_uart_ex.o(.rodata.cst8)
    [Anonymous Symbol]                       0x08005014   Section        0  stm32g4xx_hal_uart_ex.o(.rodata.cst8)
    UARTEx_SetNbDataToProcess.denominator    0x0800501c   Data           8  stm32g4xx_hal_uart_ex.o(.rodata.cst8)
    .L_MergedGlobals                         0x20000000   Data           8  stm32g4xx_hal.o(.data..L_MergedGlobals)
    [Anonymous Symbol]                       0x20000000   Section        0  stm32g4xx_hal.o(.data..L_MergedGlobals)
    .bss                                     0x20000450   Section       96  libspace.o(.bss)
    .L_MergedGlobals                         0x200004b0   Data          16  elev_control.o(.bss..L_MergedGlobals)
    [Anonymous Symbol]                       0x200004b0   Section        0  elev_control.o(.bss..L_MergedGlobals)
    .L_MergedGlobals                         0x200004c0   Data          12  door_control.o(.bss..L_MergedGlobals)
    [Anonymous Symbol]                       0x200004c0   Section        0  door_control.o(.bss..L_MergedGlobals)
    .L_MergedGlobals                         0x200004cc   Data          96  encoder.o(.bss..L_MergedGlobals)
    [Anonymous Symbol]                       0x200004cc   Section        0  encoder.o(.bss..L_MergedGlobals)
    .L_MergedGlobals                         0x2000052c   Data          64  rm2006.o(.bss..L_MergedGlobals)
    [Anonymous Symbol]                       0x2000052c   Section        0  rm2006.o(.bss..L_MergedGlobals)
    HAL_RCC_FDCAN_CLK_ENABLED                0x2000056c   Data           4  fdcan.o(.bss.HAL_RCC_FDCAN_CLK_ENABLED)
    [Anonymous Symbol]                       0x2000056c   Section        0  fdcan.o(.bss.HAL_RCC_FDCAN_CLK_ENABLED)
    Heap_Mem                                 0x20000890   Data         512  startup_stm32g474xx.o(HEAP)
    HEAP                                     0x20000890   Section      512  startup_stm32g474xx.o(HEAP)
    Stack_Mem                                0x20000a90   Data        1024  startup_stm32g474xx.o(STACK)
    STACK                                    0x20000a90   Section     1024  startup_stm32g474xx.o(STACK)
    __initial_sp                             0x20000e90   Data           0  startup_stm32g474xx.o(STACK)

    Global Symbols

    Symbol Name                              Value     Ov Type        Size  Object(Section)

    BuildAttributes$$THM_ISAv4$E$P$D$K$B$S$7EM$VFPi3$EXTD16$VFPS$VFMA$PE$A:L22UL41UL21$X:L11$S22US41US21$IEEE1$IW$~IW$USESV6$~STKCKD$USESV7$~SHL$OTIME$ROPI$EBA8$UX$STANDARDLIB$REQ8$PRES8$EABIv2 0x00000000   Number         0  anon$$obj.o ABSOLUTE
    __ARM_exceptions_init                     - Undefined Weak Reference
    __alloca_initialize                       - Undefined Weak Reference
    __arm_preinit_                            - Undefined Weak Reference
    __arm_relocate_pie_                       - Undefined Weak Reference
    __cpp_initialize__aeabi_                  - Undefined Weak Reference
    __cxa_finalize                            - Undefined Weak Reference
    __rt_locale                               - Undefined Weak Reference
    __sigvec_lookup                           - Undefined Weak Reference
    _atexit_init                              - Undefined Weak Reference
    _call_atexit_fns                          - Undefined Weak Reference
    _clock_init                               - Undefined Weak Reference
    _fp_trap_init                             - Undefined Weak Reference
    _fp_trap_shutdown                         - Undefined Weak Reference
    _get_lc_collate                           - Undefined Weak Reference
    _get_lc_ctype                             - Undefined Weak Reference
    _get_lc_monetary                          - Undefined Weak Reference
    _get_lc_numeric                           - Undefined Weak Reference
    _get_lc_time                              - Undefined Weak Reference
    _getenv_init                              - Undefined Weak Reference
    _handle_redirection                       - Undefined Weak Reference
    _init_alloc                               - Undefined Weak Reference
    _init_user_alloc                          - Undefined Weak Reference
    _initio                                   - Undefined Weak Reference
    _rand_init                                - Undefined Weak Reference
    _signal_finish                            - Undefined Weak Reference
    _signal_init                              - Undefined Weak Reference
    _terminate_alloc                          - Undefined Weak Reference
    _terminate_user_alloc                     - Undefined Weak Reference
    _terminateio                              - Undefined Weak Reference
    __Vectors_Size                           0x000001d8   Number         0  startup_stm32g474xx.o ABSOLUTE
    __Vectors                                0x08000000   Data           4  startup_stm32g474xx.o(RESET)
    __Vectors_End                            0x080001d8   Data           0  startup_stm32g474xx.o(RESET)
    __main                                   0x080001d9   Thumb Code     8  __main.o(!!!main)
    __scatterload                            0x080001e1   Thumb Code     0  __scatter.o(!!!scatter)
    __scatterload_rt2                        0x080001e1   Thumb Code    84  __scatter.o(!!!scatter)
    __scatterload_rt2_thumb_only             0x080001e1   Thumb Code     0  __scatter.o(!!!scatter)
    __scatterload_loop                       0x080001eb   Thumb Code     0  __scatter.o(!!!scatter)
    __decompress                             0x0800023d   Thumb Code    90  __dczerorl2.o(!!dczerorl2)
    __decompress1                            0x0800023d   Thumb Code     0  __dczerorl2.o(!!dczerorl2)
    __scatterload_null                       0x08000299   Thumb Code     2  __scatter.o(!!handler_null)
    __scatterload_zeroinit                   0x0800029d   Thumb Code    28  __scatter_zi.o(!!handler_zi)
    __rt_lib_init                            0x080002b9   Thumb Code     0  libinit.o(.ARM.Collect$$libinit$$00000000)
    __rt_lib_init_fp_1                       0x080002bb   Thumb Code     0  libinit2.o(.ARM.Collect$$libinit$$00000001)
    __rt_lib_init_alloca_1                   0x080002bf   Thumb Code     0  libinit2.o(.ARM.Collect$$libinit$$00000030)
    __rt_lib_init_argv_1                     0x080002bf   Thumb Code     0  libinit2.o(.ARM.Collect$$libinit$$0000002E)
    __rt_lib_init_atexit_1                   0x080002bf   Thumb Code     0  libinit2.o(.ARM.Collect$$libinit$$0000001D)
    __rt_lib_init_clock_1                    0x080002bf   Thumb Code     0  libinit2.o(.ARM.Collect$$libinit$$00000023)
    __rt_lib_init_cpp_1                      0x080002bf   Thumb Code     0  libinit2.o(.ARM.Collect$$libinit$$00000034)
    __rt_lib_init_exceptions_1               0x080002bf   Thumb Code     0  libinit2.o(.ARM.Collect$$libinit$$00000032)
    __rt_lib_init_fp_trap_1                  0x080002bf   Thumb Code     0  libinit2.o(.ARM.Collect$$libinit$$00000021)
    __rt_lib_init_getenv_1                   0x080002bf   Thumb Code     0  libinit2.o(.ARM.Collect$$libinit$$00000025)
    __rt_lib_init_heap_1                     0x080002bf   Thumb Code     0  libinit2.o(.ARM.Collect$$libinit$$0000000C)
    __rt_lib_init_lc_collate_1               0x080002bf   Thumb Code     0  libinit2.o(.ARM.Collect$$libinit$$00000013)
    __rt_lib_init_lc_ctype_1                 0x080002bf   Thumb Code     0  libinit2.o(.ARM.Collect$$libinit$$00000015)
    __rt_lib_init_lc_monetary_1              0x080002bf   Thumb Code     0  libinit2.o(.ARM.Collect$$libinit$$00000017)
    __rt_lib_init_lc_numeric_1               0x080002bf   Thumb Code     0  libinit2.o(.ARM.Collect$$libinit$$00000019)
    __rt_lib_init_lc_time_1                  0x080002bf   Thumb Code     0  libinit2.o(.ARM.Collect$$libinit$$0000001B)
    __rt_lib_init_preinit_1                  0x080002bf   Thumb Code     0  libinit2.o(.ARM.Collect$$libinit$$00000006)
    __rt_lib_init_rand_1                     0x080002bf   Thumb Code     0  libinit2.o(.ARM.Collect$$libinit$$00000010)
    __rt_lib_init_relocate_pie_1             0x080002bf   Thumb Code     0  libinit2.o(.ARM.Collect$$libinit$$00000004)
    __rt_lib_init_return                     0x080002bf   Thumb Code     0  libinit2.o(.ARM.Collect$$libinit$$00000035)
    __rt_lib_init_signal_1                   0x080002bf   Thumb Code     0  libinit2.o(.ARM.Collect$$libinit$$0000001F)
    __rt_lib_init_stdio_1                    0x080002bf   Thumb Code     0  libinit2.o(.ARM.Collect$$libinit$$00000027)
    __rt_lib_init_user_alloc_1               0x080002bf   Thumb Code     0  libinit2.o(.ARM.Collect$$libinit$$0000000E)
    __rt_lib_shutdown                        0x080002c1   Thumb Code     0  libshutdown.o(.ARM.Collect$$libshutdown$$00000000)
    __rt_lib_shutdown_cpp_1                  0x080002c3   Thumb Code     0  libshutdown2.o(.ARM.Collect$$libshutdown$$00000002)
    __rt_lib_shutdown_fp_trap_1              0x080002c3   Thumb Code     0  libshutdown2.o(.ARM.Collect$$libshutdown$$00000007)
    __rt_lib_shutdown_heap_1                 0x080002c3   Thumb Code     0  libshutdown2.o(.ARM.Collect$$libshutdown$$0000000F)
    __rt_lib_shutdown_return                 0x080002c3   Thumb Code     0  libshutdown2.o(.ARM.Collect$$libshutdown$$00000010)
    __rt_lib_shutdown_signal_1               0x080002c3   Thumb Code     0  libshutdown2.o(.ARM.Collect$$libshutdown$$0000000A)
    __rt_lib_shutdown_stdio_1                0x080002c3   Thumb Code     0  libshutdown2.o(.ARM.Collect$$libshutdown$$00000004)
    __rt_lib_shutdown_user_alloc_1           0x080002c3   Thumb Code     0  libshutdown2.o(.ARM.Collect$$libshutdown$$0000000C)
    __rt_entry                               0x080002c5   Thumb Code     0  __rtentry.o(.ARM.Collect$$rtentry$$00000000)
    __rt_entry_presh_1                       0x080002c5   Thumb Code     0  __rtentry2.o(.ARM.Collect$$rtentry$$00000002)
    __rt_entry_sh                            0x080002c5   Thumb Code     0  __rtentry4.o(.ARM.Collect$$rtentry$$00000004)
    __rt_entry_li                            0x080002cb   Thumb Code     0  __rtentry2.o(.ARM.Collect$$rtentry$$0000000A)
    __rt_entry_postsh_1                      0x080002cb   Thumb Code     0  __rtentry2.o(.ARM.Collect$$rtentry$$00000009)
    __rt_entry_main                          0x080002cf   Thumb Code     0  __rtentry2.o(.ARM.Collect$$rtentry$$0000000D)
    __rt_entry_postli_1                      0x080002cf   Thumb Code     0  __rtentry2.o(.ARM.Collect$$rtentry$$0000000C)
    __rt_exit                                0x080002d7   Thumb Code     0  rtexit.o(.ARM.Collect$$rtexit$$00000000)
    __rt_exit_ls                             0x080002d9   Thumb Code     0  rtexit2.o(.ARM.Collect$$rtexit$$00000003)
    __rt_exit_prels_1                        0x080002d9   Thumb Code     0  rtexit2.o(.ARM.Collect$$rtexit$$00000002)
    __rt_exit_exit                           0x080002dd   Thumb Code     0  rtexit2.o(.ARM.Collect$$rtexit$$00000004)
    Reset_Handler                            0x080002e5   Thumb Code     8  startup_stm32g474xx.o(.text)
    ADC1_2_IRQHandler                        0x080002ff   Thumb Code     0  startup_stm32g474xx.o(.text)
    ADC3_IRQHandler                          0x080002ff   Thumb Code     0  startup_stm32g474xx.o(.text)
    ADC4_IRQHandler                          0x080002ff   Thumb Code     0  startup_stm32g474xx.o(.text)
    ADC5_IRQHandler                          0x080002ff   Thumb Code     0  startup_stm32g474xx.o(.text)
    COMP1_2_3_IRQHandler                     0x080002ff   Thumb Code     0  startup_stm32g474xx.o(.text)
    COMP4_5_6_IRQHandler                     0x080002ff   Thumb Code     0  startup_stm32g474xx.o(.text)
    COMP7_IRQHandler                         0x080002ff   Thumb Code     0  startup_stm32g474xx.o(.text)
    CORDIC_IRQHandler                        0x080002ff   Thumb Code     0  startup_stm32g474xx.o(.text)
    CRS_IRQHandler                           0x080002ff   Thumb Code     0  startup_stm32g474xx.o(.text)
    DMA1_Channel1_IRQHandler                 0x080002ff   Thumb Code     0  startup_stm32g474xx.o(.text)
    DMA1_Channel2_IRQHandler                 0x080002ff   Thumb Code     0  startup_stm32g474xx.o(.text)
    DMA1_Channel3_IRQHandler                 0x080002ff   Thumb Code     0  startup_stm32g474xx.o(.text)
    DMA1_Channel4_IRQHandler                 0x080002ff   Thumb Code     0  startup_stm32g474xx.o(.text)
    DMA1_Channel5_IRQHandler                 0x080002ff   Thumb Code     0  startup_stm32g474xx.o(.text)
    DMA1_Channel6_IRQHandler                 0x080002ff   Thumb Code     0  startup_stm32g474xx.o(.text)
    DMA1_Channel7_IRQHandler                 0x080002ff   Thumb Code     0  startup_stm32g474xx.o(.text)
    DMA1_Channel8_IRQHandler                 0x080002ff   Thumb Code     0  startup_stm32g474xx.o(.text)
    DMA2_Channel1_IRQHandler                 0x080002ff   Thumb Code     0  startup_stm32g474xx.o(.text)
    DMA2_Channel2_IRQHandler                 0x080002ff   Thumb Code     0  startup_stm32g474xx.o(.text)
    DMA2_Channel3_IRQHandler                 0x080002ff   Thumb Code     0  startup_stm32g474xx.o(.text)
    DMA2_Channel4_IRQHandler                 0x080002ff   Thumb Code     0  startup_stm32g474xx.o(.text)
    DMA2_Channel5_IRQHandler                 0x080002ff   Thumb Code     0  startup_stm32g474xx.o(.text)
    DMA2_Channel6_IRQHandler                 0x080002ff   Thumb Code     0  startup_stm32g474xx.o(.text)
    DMA2_Channel7_IRQHandler                 0x080002ff   Thumb Code     0  startup_stm32g474xx.o(.text)
    DMA2_Channel8_IRQHandler                 0x080002ff   Thumb Code     0  startup_stm32g474xx.o(.text)
    DMAMUX_OVR_IRQHandler                    0x080002ff   Thumb Code     0  startup_stm32g474xx.o(.text)
    EXTI0_IRQHandler                         0x080002ff   Thumb Code     0  startup_stm32g474xx.o(.text)
    EXTI15_10_IRQHandler                     0x080002ff   Thumb Code     0  startup_stm32g474xx.o(.text)
    EXTI3_IRQHandler                         0x080002ff   Thumb Code     0  startup_stm32g474xx.o(.text)
    EXTI4_IRQHandler                         0x080002ff   Thumb Code     0  startup_stm32g474xx.o(.text)
    EXTI9_5_IRQHandler                       0x080002ff   Thumb Code     0  startup_stm32g474xx.o(.text)
    FDCAN1_IT1_IRQHandler                    0x080002ff   Thumb Code     0  startup_stm32g474xx.o(.text)
    FDCAN2_IT1_IRQHandler                    0x080002ff   Thumb Code     0  startup_stm32g474xx.o(.text)
    FDCAN3_IT1_IRQHandler                    0x080002ff   Thumb Code     0  startup_stm32g474xx.o(.text)
    FLASH_IRQHandler                         0x080002ff   Thumb Code     0  startup_stm32g474xx.o(.text)
    FMAC_IRQHandler                          0x080002ff   Thumb Code     0  startup_stm32g474xx.o(.text)
    FMC_IRQHandler                           0x080002ff   Thumb Code     0  startup_stm32g474xx.o(.text)
    FPU_IRQHandler                           0x080002ff   Thumb Code     0  startup_stm32g474xx.o(.text)
    HRTIM1_FLT_IRQHandler                    0x080002ff   Thumb Code     0  startup_stm32g474xx.o(.text)
    HRTIM1_Master_IRQHandler                 0x080002ff   Thumb Code     0  startup_stm32g474xx.o(.text)
    HRTIM1_TIMA_IRQHandler                   0x080002ff   Thumb Code     0  startup_stm32g474xx.o(.text)
    HRTIM1_TIMB_IRQHandler                   0x080002ff   Thumb Code     0  startup_stm32g474xx.o(.text)
    HRTIM1_TIMC_IRQHandler                   0x080002ff   Thumb Code     0  startup_stm32g474xx.o(.text)
    HRTIM1_TIMD_IRQHandler                   0x080002ff   Thumb Code     0  startup_stm32g474xx.o(.text)
    HRTIM1_TIME_IRQHandler                   0x080002ff   Thumb Code     0  startup_stm32g474xx.o(.text)
    HRTIM1_TIMF_IRQHandler                   0x080002ff   Thumb Code     0  startup_stm32g474xx.o(.text)
    I2C1_ER_IRQHandler                       0x080002ff   Thumb Code     0  startup_stm32g474xx.o(.text)
    I2C1_EV_IRQHandler                       0x080002ff   Thumb Code     0  startup_stm32g474xx.o(.text)
    I2C2_ER_IRQHandler                       0x080002ff   Thumb Code     0  startup_stm32g474xx.o(.text)
    I2C2_EV_IRQHandler                       0x080002ff   Thumb Code     0  startup_stm32g474xx.o(.text)
    I2C3_ER_IRQHandler                       0x080002ff   Thumb Code     0  startup_stm32g474xx.o(.text)
    I2C3_EV_IRQHandler                       0x080002ff   Thumb Code     0  startup_stm32g474xx.o(.text)
    I2C4_ER_IRQHandler                       0x080002ff   Thumb Code     0  startup_stm32g474xx.o(.text)
    I2C4_EV_IRQHandler                       0x080002ff   Thumb Code     0  startup_stm32g474xx.o(.text)
    LPTIM1_IRQHandler                        0x080002ff   Thumb Code     0  startup_stm32g474xx.o(.text)
    LPUART1_IRQHandler                       0x080002ff   Thumb Code     0  startup_stm32g474xx.o(.text)
    PVD_PVM_IRQHandler                       0x080002ff   Thumb Code     0  startup_stm32g474xx.o(.text)
    QUADSPI_IRQHandler                       0x080002ff   Thumb Code     0  startup_stm32g474xx.o(.text)
    RCC_IRQHandler                           0x080002ff   Thumb Code     0  startup_stm32g474xx.o(.text)
    RNG_IRQHandler                           0x080002ff   Thumb Code     0  startup_stm32g474xx.o(.text)
    RTC_Alarm_IRQHandler                     0x080002ff   Thumb Code     0  startup_stm32g474xx.o(.text)
    RTC_TAMP_LSECSS_IRQHandler               0x080002ff   Thumb Code     0  startup_stm32g474xx.o(.text)
    RTC_WKUP_IRQHandler                      0x080002ff   Thumb Code     0  startup_stm32g474xx.o(.text)
    SAI1_IRQHandler                          0x080002ff   Thumb Code     0  startup_stm32g474xx.o(.text)
    SPI1_IRQHandler                          0x080002ff   Thumb Code     0  startup_stm32g474xx.o(.text)
    SPI2_IRQHandler                          0x080002ff   Thumb Code     0  startup_stm32g474xx.o(.text)
    SPI3_IRQHandler                          0x080002ff   Thumb Code     0  startup_stm32g474xx.o(.text)
    SPI4_IRQHandler                          0x080002ff   Thumb Code     0  startup_stm32g474xx.o(.text)
    TIM1_BRK_TIM15_IRQHandler                0x080002ff   Thumb Code     0  startup_stm32g474xx.o(.text)
    TIM1_CC_IRQHandler                       0x080002ff   Thumb Code     0  startup_stm32g474xx.o(.text)
    TIM1_TRG_COM_TIM17_IRQHandler            0x080002ff   Thumb Code     0  startup_stm32g474xx.o(.text)
    TIM1_UP_TIM16_IRQHandler                 0x080002ff   Thumb Code     0  startup_stm32g474xx.o(.text)
    TIM20_BRK_IRQHandler                     0x080002ff   Thumb Code     0  startup_stm32g474xx.o(.text)
    TIM20_CC_IRQHandler                      0x080002ff   Thumb Code     0  startup_stm32g474xx.o(.text)
    TIM20_TRG_COM_IRQHandler                 0x080002ff   Thumb Code     0  startup_stm32g474xx.o(.text)
    TIM20_UP_IRQHandler                      0x080002ff   Thumb Code     0  startup_stm32g474xx.o(.text)
    TIM2_IRQHandler                          0x080002ff   Thumb Code     0  startup_stm32g474xx.o(.text)
    TIM3_IRQHandler                          0x080002ff   Thumb Code     0  startup_stm32g474xx.o(.text)
    TIM8_BRK_IRQHandler                      0x080002ff   Thumb Code     0  startup_stm32g474xx.o(.text)
    TIM8_CC_IRQHandler                       0x080002ff   Thumb Code     0  startup_stm32g474xx.o(.text)
    TIM8_TRG_COM_IRQHandler                  0x080002ff   Thumb Code     0  startup_stm32g474xx.o(.text)
    TIM8_UP_IRQHandler                       0x080002ff   Thumb Code     0  startup_stm32g474xx.o(.text)
    UART5_IRQHandler                         0x080002ff   Thumb Code     0  startup_stm32g474xx.o(.text)
    UCPD1_IRQHandler                         0x080002ff   Thumb Code     0  startup_stm32g474xx.o(.text)
    USART1_IRQHandler                        0x080002ff   Thumb Code     0  startup_stm32g474xx.o(.text)
    USART2_IRQHandler                        0x080002ff   Thumb Code     0  startup_stm32g474xx.o(.text)
    USART3_IRQHandler                        0x080002ff   Thumb Code     0  startup_stm32g474xx.o(.text)
    USBWakeUp_IRQHandler                     0x080002ff   Thumb Code     0  startup_stm32g474xx.o(.text)
    USB_HP_IRQHandler                        0x080002ff   Thumb Code     0  startup_stm32g474xx.o(.text)
    USB_LP_IRQHandler                        0x080002ff   Thumb Code     0  startup_stm32g474xx.o(.text)
    WWDG_IRQHandler                          0x080002ff   Thumb Code     0  startup_stm32g474xx.o(.text)
    __user_initial_stackheap                 0x08000301   Thumb Code     0  startup_stm32g474xx.o(.text)
    __aeabi_uldivmod                         0x08000325   Thumb Code     0  lludivv7m.o(.text)
    _ll_udiv                                 0x08000325   Thumb Code   240  lludivv7m.o(.text)
    __aeabi_memclr4                          0x08000415   Thumb Code     0  rt_memclr_w.o(.text)
    __aeabi_memclr8                          0x08000415   Thumb Code     0  rt_memclr_w.o(.text)
    __rt_memclr_w                            0x08000415   Thumb Code     0  rt_memclr_w.o(.text)
    _memset_w                                0x08000419   Thumb Code    74  rt_memclr_w.o(.text)
    __use_two_region_memory                  0x08000463   Thumb Code     2  heapauxi.o(.text)
    __rt_heap_escrow$2region                 0x08000465   Thumb Code     2  heapauxi.o(.text)
    __rt_heap_expand$2region                 0x08000467   Thumb Code     2  heapauxi.o(.text)
    __user_setup_stackheap                   0x08000469   Thumb Code    74  sys_stackheap_outer.o(.text)
    exit                                     0x080004b3   Thumb Code    18  exit.o(.text)
    __user_libspace                          0x080004c5   Thumb Code     8  libspace.o(.text)
    __user_perproc_libspace                  0x080004c5   Thumb Code     0  libspace.o(.text)
    __user_perthread_libspace                0x080004c5   Thumb Code     0  libspace.o(.text)
    _sys_exit                                0x080004cd   Thumb Code     8  sys_exit.o(.text)
    __I$use$semihosting                      0x080004d9   Thumb Code     0  use_no_semi.o(.text)
    __use_no_semihosting_swi                 0x080004d9   Thumb Code     2  use_no_semi.o(.text)
    __semihosting_library_function           0x080004db   Thumb Code     0  indicate_semi.o(.text)
    BusFault_Handler                         0x080004dd   Thumb Code     2  stm32g4xx_it.o(.text.BusFault_Handler)
    DebugMon_Handler                         0x080004e1   Thumb Code     2  stm32g4xx_it.o(.text.DebugMon_Handler)
    Door_ACT                                 0x080004e5   Thumb Code   172  door_control.o(.text.Door_ACT)
    Door_Act_Set                             0x0800059d   Thumb Code    88  door_control.o(.text.Door_Act_Set)
    Door_Enc_Calulate                        0x080005f5   Thumb Code   188  encoder.o(.text.Door_Enc_Calulate)
    EXTI1_IRQHandler                         0x080006c1   Thumb Code     6  stm32g4xx_it.o(.text.EXTI1_IRQHandler)
    EXTI2_IRQHandler                         0x080006c9   Thumb Code     6  stm32g4xx_it.o(.text.EXTI2_IRQHandler)
    Elev_Enc_Calulate                        0x080006d1   Thumb Code   188  encoder.o(.text.Elev_Enc_Calulate)
    Elev_State_Send                          0x0800079d   Thumb Code   208  elev_control.o(.text.Elev_State_Send)
    Elev_State_Set                           0x08000879   Thumb Code    38  elev_control.o(.text.Elev_State_Set)
    Enc_Get_Feedback                         0x080008a1   Thumb Code    28  encoder.o(.text.Enc_Get_Feedback)
    Enc_Init                                 0x080008bd   Thumb Code   196  encoder.o(.text.Enc_Init)
    Error_Handler                            0x08000981   Thumb Code    10  main.o(.text.Error_Handler)
    FDCAN1_IT0_IRQHandler                    0x0800098d   Thumb Code    12  stm32g4xx_it.o(.text.FDCAN1_IT0_IRQHandler)
    FDCAN1_Init                              0x08000999   Thumb Code   134  fdcan_bsp.o(.text.FDCAN1_Init)
    FDCAN2_IT0_IRQHandler                    0x08000a21   Thumb Code    12  stm32g4xx_it.o(.text.FDCAN2_IT0_IRQHandler)
    FDCAN2_Init                              0x08000a2d   Thumb Code   134  fdcan_bsp.o(.text.FDCAN2_Init)
    FDCAN3_IT0_IRQHandler                    0x08000ab5   Thumb Code    12  stm32g4xx_it.o(.text.FDCAN3_IT0_IRQHandler)
    FDCAN3_Init                              0x08000ac1   Thumb Code   134  fdcan_bsp.o(.text.FDCAN3_Init)
    FDCAN_SendData                           0x08000b49   Thumb Code    44  fdcan_bsp.o(.text.FDCAN_SendData)
    HAL_DMA_Abort                            0x08000b75   Thumb Code   112  stm32g4xx_hal_dma.o(.text.HAL_DMA_Abort)
    HAL_DMA_Abort_IT                         0x08000be5   Thumb Code   128  stm32g4xx_hal_dma.o(.text.HAL_DMA_Abort_IT)
    HAL_Delay                                0x08000c65   Thumb Code    40  stm32g4xx_hal.o(.text.HAL_Delay)
    HAL_FDCAN_ActivateNotification           0x08000c8d   Thumb Code   268  stm32g4xx_hal_fdcan.o(.text.HAL_FDCAN_ActivateNotification)
    HAL_FDCAN_AddMessageToTxFifoQ            0x08000d99   Thumb Code   184  stm32g4xx_hal_fdcan.o(.text.HAL_FDCAN_AddMessageToTxFifoQ)
    HAL_FDCAN_ConfigFilter                   0x08000e51   Thumb Code    96  stm32g4xx_hal_fdcan.o(.text.HAL_FDCAN_ConfigFilter)
    HAL_FDCAN_ConfigGlobalFilter             0x08000eb1   Thumb Code    64  stm32g4xx_hal_fdcan.o(.text.HAL_FDCAN_ConfigGlobalFilter)
    HAL_FDCAN_ErrorCallback                  0x08000ef1   Thumb Code     2  stm32g4xx_hal_fdcan.o(.text.HAL_FDCAN_ErrorCallback)
    HAL_FDCAN_ErrorStatusCallback            0x08000ef5   Thumb Code     2  stm32g4xx_hal_fdcan.o(.text.HAL_FDCAN_ErrorStatusCallback)
    HAL_FDCAN_GetRxMessage                   0x08000ef9   Thumb Code   342  stm32g4xx_hal_fdcan.o(.text.HAL_FDCAN_GetRxMessage)
    HAL_FDCAN_HighPriorityMessageCallback    0x08001051   Thumb Code     2  stm32g4xx_hal_fdcan.o(.text.HAL_FDCAN_HighPriorityMessageCallback)
    HAL_FDCAN_IRQHandler                     0x08001055   Thumb Code   378  stm32g4xx_hal_fdcan.o(.text.HAL_FDCAN_IRQHandler)
    HAL_FDCAN_Init                           0x080011d1   Thumb Code   614  stm32g4xx_hal_fdcan.o(.text.HAL_FDCAN_Init)
    HAL_FDCAN_MspInit                        0x08001439   Thumb Code   476  fdcan.o(.text.HAL_FDCAN_MspInit)
    HAL_FDCAN_RxFifo0Callback                0x08001615   Thumb Code   208  main.o(.text.HAL_FDCAN_RxFifo0Callback)
    HAL_FDCAN_RxFifo1Callback                0x080016e5   Thumb Code    88  main.o(.text.HAL_FDCAN_RxFifo1Callback)
    HAL_FDCAN_Start                          0x0800173d   Thumb Code    44  stm32g4xx_hal_fdcan.o(.text.HAL_FDCAN_Start)
    HAL_FDCAN_TimeoutOccurredCallback        0x08001769   Thumb Code     2  stm32g4xx_hal_fdcan.o(.text.HAL_FDCAN_TimeoutOccurredCallback)
    HAL_FDCAN_TimestampWraparoundCallback    0x0800176d   Thumb Code     2  stm32g4xx_hal_fdcan.o(.text.HAL_FDCAN_TimestampWraparoundCallback)
    HAL_FDCAN_TxBufferAbortCallback          0x08001771   Thumb Code     2  stm32g4xx_hal_fdcan.o(.text.HAL_FDCAN_TxBufferAbortCallback)
    HAL_FDCAN_TxBufferCompleteCallback       0x08001775   Thumb Code     2  stm32g4xx_hal_fdcan.o(.text.HAL_FDCAN_TxBufferCompleteCallback)
    HAL_FDCAN_TxEventFifoCallback            0x08001779   Thumb Code     2  stm32g4xx_hal_fdcan.o(.text.HAL_FDCAN_TxEventFifoCallback)
    HAL_FDCAN_TxFifoEmptyCallback            0x0800177d   Thumb Code     2  stm32g4xx_hal_fdcan.o(.text.HAL_FDCAN_TxFifoEmptyCallback)
    HAL_GPIO_EXTI_Callback                   0x08001781   Thumb Code    26  main.o(.text.HAL_GPIO_EXTI_Callback)
    HAL_GPIO_EXTI_IRQHandler                 0x0800179d   Thumb Code    22  stm32g4xx_hal_gpio.o(.text.HAL_GPIO_EXTI_IRQHandler)
    HAL_GPIO_Init                            0x080017b5   Thumb Code   434  stm32g4xx_hal_gpio.o(.text.HAL_GPIO_Init)
    HAL_GPIO_WritePin                        0x08001969   Thumb Code    12  stm32g4xx_hal_gpio.o(.text.HAL_GPIO_WritePin)
    HAL_GetTick                              0x08001975   Thumb Code    12  stm32g4xx_hal.o(.text.HAL_GetTick)
    HAL_IncTick                              0x08001981   Thumb Code    26  stm32g4xx_hal.o(.text.HAL_IncTick)
    HAL_Init                                 0x0800199d   Thumb Code    30  stm32g4xx_hal.o(.text.HAL_Init)
    HAL_InitTick                             0x080019bd   Thumb Code    80  stm32g4xx_hal.o(.text.HAL_InitTick)
    HAL_MspInit                              0x08001a0d   Thumb Code    52  stm32g4xx_hal_msp.o(.text.HAL_MspInit)
    HAL_NVIC_EnableIRQ                       0x08001a41   Thumb Code    34  stm32g4xx_hal_cortex.o(.text.HAL_NVIC_EnableIRQ)
    HAL_NVIC_SetPriority                     0x08001a65   Thumb Code    86  stm32g4xx_hal_cortex.o(.text.HAL_NVIC_SetPriority)
    HAL_NVIC_SetPriorityGrouping             0x08001abd   Thumb Code    32  stm32g4xx_hal_cortex.o(.text.HAL_NVIC_SetPriorityGrouping)
    HAL_PWREx_ControlVoltageScaling          0x08001add   Thumb Code   270  stm32g4xx_hal_pwr_ex.o(.text.HAL_PWREx_ControlVoltageScaling)
    HAL_PWREx_DisableUCPDDeadBattery         0x08001bed   Thumb Code    18  stm32g4xx_hal_pwr_ex.o(.text.HAL_PWREx_DisableUCPDDeadBattery)
    HAL_RCCEx_PeriphCLKConfig                0x08001c01   Thumb Code   726  stm32g4xx_hal_rcc_ex.o(.text.HAL_RCCEx_PeriphCLKConfig)
    HAL_RCC_ClockConfig                      0x08001ed9   Thumb Code   772  stm32g4xx_hal_rcc.o(.text.HAL_RCC_ClockConfig)
    HAL_RCC_GetPCLK1Freq                     0x080021dd   Thumb Code    42  stm32g4xx_hal_rcc.o(.text.HAL_RCC_GetPCLK1Freq)
    HAL_RCC_GetPCLK2Freq                     0x08002209   Thumb Code    42  stm32g4xx_hal_rcc.o(.text.HAL_RCC_GetPCLK2Freq)
    HAL_RCC_GetSysClockFreq                  0x08002235   Thumb Code   130  stm32g4xx_hal_rcc.o(.text.HAL_RCC_GetSysClockFreq)
    HAL_RCC_OscConfig                        0x080022b9   Thumb Code  1230  stm32g4xx_hal_rcc.o(.text.HAL_RCC_OscConfig)
    HAL_SYSTICK_Config                       0x08002789   Thumb Code    44  stm32g4xx_hal_cortex.o(.text.HAL_SYSTICK_Config)
    HAL_TIMEx_Break2Callback                 0x080027b5   Thumb Code     2  stm32g4xx_hal_tim_ex.o(.text.HAL_TIMEx_Break2Callback)
    HAL_TIMEx_BreakCallback                  0x080027b9   Thumb Code     2  stm32g4xx_hal_tim_ex.o(.text.HAL_TIMEx_BreakCallback)
    HAL_TIMEx_CommutCallback                 0x080027bd   Thumb Code     2  stm32g4xx_hal_tim_ex.o(.text.HAL_TIMEx_CommutCallback)
    HAL_TIMEx_DirectionChangeCallback        0x080027c1   Thumb Code     2  stm32g4xx_hal_tim_ex.o(.text.HAL_TIMEx_DirectionChangeCallback)
    HAL_TIMEx_EncoderIndexCallback           0x080027c5   Thumb Code     2  stm32g4xx_hal_tim_ex.o(.text.HAL_TIMEx_EncoderIndexCallback)
    HAL_TIMEx_IndexErrorCallback             0x080027c9   Thumb Code     2  stm32g4xx_hal_tim_ex.o(.text.HAL_TIMEx_IndexErrorCallback)
    HAL_TIMEx_MasterConfigSynchronization    0x080027cd   Thumb Code   222  stm32g4xx_hal_tim_ex.o(.text.HAL_TIMEx_MasterConfigSynchronization)
    HAL_TIMEx_TransitionErrorCallback        0x080028ad   Thumb Code     2  stm32g4xx_hal_tim_ex.o(.text.HAL_TIMEx_TransitionErrorCallback)
    HAL_TIM_Base_Init                        0x080028b1   Thumb Code    98  stm32g4xx_hal_tim.o(.text.HAL_TIM_Base_Init)
    HAL_TIM_Base_MspInit                     0x08002915   Thumb Code   166  tim.o(.text.HAL_TIM_Base_MspInit)
    HAL_TIM_Base_Start_IT                    0x080029bd   Thumb Code   186  stm32g4xx_hal_tim.o(.text.HAL_TIM_Base_Start_IT)
    HAL_TIM_ConfigClockSource                0x08002a79   Thumb Code   544  stm32g4xx_hal_tim.o(.text.HAL_TIM_ConfigClockSource)
    HAL_TIM_IC_CaptureCallback               0x08002c99   Thumb Code     2  stm32g4xx_hal_tim.o(.text.HAL_TIM_IC_CaptureCallback)
    HAL_TIM_IRQHandler                       0x08002c9d   Thumb Code   460  stm32g4xx_hal_tim.o(.text.HAL_TIM_IRQHandler)
    HAL_TIM_OC_DelayElapsedCallback          0x08002e69   Thumb Code     2  stm32g4xx_hal_tim.o(.text.HAL_TIM_OC_DelayElapsedCallback)
    HAL_TIM_PWM_PulseFinishedCallback        0x08002e6d   Thumb Code     2  stm32g4xx_hal_tim.o(.text.HAL_TIM_PWM_PulseFinishedCallback)
    HAL_TIM_PeriodElapsedCallback            0x08002e71   Thumb Code    96  main.o(.text.HAL_TIM_PeriodElapsedCallback)
    HAL_TIM_TriggerCallback                  0x08002ed1   Thumb Code     2  stm32g4xx_hal_tim.o(.text.HAL_TIM_TriggerCallback)
    HAL_UARTEx_DisableFifoMode               0x08002ed5   Thumb Code    54  stm32g4xx_hal_uart_ex.o(.text.HAL_UARTEx_DisableFifoMode)
    HAL_UARTEx_RxEventCallback               0x08002f0d   Thumb Code     2  stm32g4xx_hal_uart.o(.text.HAL_UARTEx_RxEventCallback)
    HAL_UARTEx_RxFifoFullCallback            0x08002f11   Thumb Code     2  stm32g4xx_hal_uart_ex.o(.text.HAL_UARTEx_RxFifoFullCallback)
    HAL_UARTEx_SetRxFifoThreshold            0x08002f15   Thumb Code   140  stm32g4xx_hal_uart_ex.o(.text.HAL_UARTEx_SetRxFifoThreshold)
    HAL_UARTEx_SetTxFifoThreshold            0x08002fa1   Thumb Code   140  stm32g4xx_hal_uart_ex.o(.text.HAL_UARTEx_SetTxFifoThreshold)
    HAL_UARTEx_TxFifoEmptyCallback           0x0800302d   Thumb Code     2  stm32g4xx_hal_uart_ex.o(.text.HAL_UARTEx_TxFifoEmptyCallback)
    HAL_UARTEx_WakeupCallback                0x08003031   Thumb Code     2  stm32g4xx_hal_uart_ex.o(.text.HAL_UARTEx_WakeupCallback)
    HAL_UART_ErrorCallback                   0x08003035   Thumb Code     2  stm32g4xx_hal_uart.o(.text.HAL_UART_ErrorCallback)
    HAL_UART_IRQHandler                      0x08003039   Thumb Code  1614  stm32g4xx_hal_uart.o(.text.HAL_UART_IRQHandler)
    HAL_UART_Init                            0x08003689   Thumb Code   100  stm32g4xx_hal_uart.o(.text.HAL_UART_Init)
    HAL_UART_MspInit                         0x080036ed   Thumb Code   164  usart.o(.text.HAL_UART_MspInit)
    HAL_UART_TxCpltCallback                  0x08003791   Thumb Code     2  stm32g4xx_hal_uart.o(.text.HAL_UART_TxCpltCallback)
    HardFault_Handler                        0x08003795   Thumb Code     2  stm32g4xx_it.o(.text.HardFault_Handler)
    MX_FDCAN1_Init                           0x08003799   Thumb Code    82  fdcan.o(.text.MX_FDCAN1_Init)
    MX_FDCAN2_Init                           0x080037ed   Thumb Code    82  fdcan.o(.text.MX_FDCAN2_Init)
    MX_FDCAN3_Init                           0x08003841   Thumb Code    82  fdcan.o(.text.MX_FDCAN3_Init)
    MX_GPIO_Init                             0x08003895   Thumb Code   240  gpio.o(.text.MX_GPIO_Init)
    MX_TIM4_Init                             0x08003985   Thumb Code   120  tim.o(.text.MX_TIM4_Init)
    MX_TIM5_Init                             0x080039fd   Thumb Code   120  tim.o(.text.MX_TIM5_Init)
    MX_TIM6_Init                             0x08003a75   Thumb Code    80  tim.o(.text.MX_TIM6_Init)
    MX_TIM7_Init                             0x08003ac5   Thumb Code    80  tim.o(.text.MX_TIM7_Init)
    MX_UART4_Init                            0x08003b15   Thumb Code   130  usart.o(.text.MX_UART4_Init)
    MemManage_Handler                        0x08003b99   Thumb Code     2  stm32g4xx_it.o(.text.MemManage_Handler)
    NMI_Handler                              0x08003b9d   Thumb Code     2  stm32g4xx_it.o(.text.NMI_Handler)
    PendSV_Handler                           0x08003ba1   Thumb Code     2  stm32g4xx_it.o(.text.PendSV_Handler)
    RM2006_Get_Feedback                      0x08003ba5   Thumb Code    28  rm2006.o(.text.RM2006_Get_Feedback)
    RM2006_Set_I                             0x08003bc1   Thumb Code    74  rm2006.o(.text.RM2006_Set_I)
    RM2006_Set_Pos                           0x08003c0d   Thumb Code  1204  rm2006.o(.text.RM2006_Set_Pos)
    RM2006_Set_Speed                         0x080040c5   Thumb Code   348  rm2006.o(.text.RM2006_Set_Speed)
    Realtime                                 0x08004225   Thumb Code    18  door_control.o(.text.Realtime)
    SVC_Handler                              0x08004239   Thumb Code     2  stm32g4xx_it.o(.text.SVC_Handler)
    Set_Elev_Pos                             0x0800423d   Thumb Code   228  elev_control.o(.text.Set_Elev_Pos)
    SysTick_Handler                          0x0800432d   Thumb Code     4  stm32g4xx_it.o(.text.SysTick_Handler)
    SystemInit                               0x08004331   Thumb Code    18  system_stm32g4xx.o(.text.SystemInit)
    TIM4_IRQHandler                          0x08004345   Thumb Code    12  stm32g4xx_it.o(.text.TIM4_IRQHandler)
    TIM5_IRQHandler                          0x08004351   Thumb Code    12  stm32g4xx_it.o(.text.TIM5_IRQHandler)
    TIM6_DAC_IRQHandler                      0x0800435d   Thumb Code    12  stm32g4xx_it.o(.text.TIM6_DAC_IRQHandler)
    TIM7_DAC_IRQHandler                      0x08004369   Thumb Code    12  stm32g4xx_it.o(.text.TIM7_DAC_IRQHandler)
    TIM_Base_SetConfig                       0x08004375   Thumb Code   338  stm32g4xx_hal_tim.o(.text.TIM_Base_SetConfig)
    UART4_IRQHandler                         0x080044c9   Thumb Code    12  stm32g4xx_it.o(.text.UART4_IRQHandler)
    UART_AdvFeatureConfig                    0x080044d5   Thumb Code   230  stm32g4xx_hal_uart.o(.text.UART_AdvFeatureConfig)
    UART_CheckIdleState                      0x080045bd   Thumb Code   362  stm32g4xx_hal_uart.o(.text.UART_CheckIdleState)
    UART_SetConfig                           0x08004735   Thumb Code   676  stm32g4xx_hal_uart.o(.text.UART_SetConfig)
    UART_WaitOnFlagUntilTimeout              0x080049e9   Thumb Code   822  stm32g4xx_hal_uart.o(.text.UART_WaitOnFlagUntilTimeout)
    UsageFault_Handler                       0x08004d21   Thumb Code     2  stm32g4xx_it.o(.text.UsageFault_Handler)
    dribble_set                              0x08004d25   Thumb Code   166  elev_control.o(.text.dribble_set)
    elev_status_judge                        0x08004dcd   Thumb Code   220  elev_control.o(.text.elev_status_judge)
    main                                     0x08004ead   Thumb Code   252  main.o(.text.main)
    _fp_init                                 0x08004fa9   Thumb Code    26  fpinit.o(x$fpl$fpinit)
    __fplib_config_fpu_vfp                   0x08004fc1   Thumb Code     0  fpinit.o(x$fpl$fpinit)
    __fplib_config_pureend_doubles           0x08004fc1   Thumb Code     0  fpinit.o(x$fpl$fpinit)
    AHBPrescTable                            0x08004fc2   Data          16  system_stm32g4xx.o(.rodata.AHBPrescTable)
    APBPrescTable                            0x08004fd2   Data           8  system_stm32g4xx.o(.rodata.APBPrescTable)
    UARTPrescTable                           0x08004fda   Data          24  stm32g4xx_hal_uart.o(.rodata.UARTPrescTable)
    Region$$Table$$Base                      0x08005024   Number         0  anon$$obj.o(Region$$Table)
    Region$$Table$$Limit                     0x08005044   Number         0  anon$$obj.o(Region$$Table)
    uwTickPrio                               0x20000000   Data           4  stm32g4xx_hal.o(.data..L_MergedGlobals)
    uwTickFreq                               0x20000004   Data           4  stm32g4xx_hal.o(.data..L_MergedGlobals)
    Enc_Init_count                           0x20000008   Data           1  encoder.o(.data.Enc_Init_count)
    M2006_Pos_Pid                            0x2000000c   Data         544  rm2006.o(.data.M2006_Pos_Pid)
    M2006_Speed_Pid                          0x2000022c   Data         544  rm2006.o(.data.M2006_Speed_Pid)
    SystemCoreClock                          0x2000044c   Data           4  system_stm32g4xx.o(.data.SystemCoreClock)
    __libspace_start                         0x20000450   Data          96  libspace.o(.bss)
    __temporary_stack_top$libspace           0x200004b0   Data           0  libspace.o(.bss)
    elev_lift_flag                           0x200004b0   Data           1  elev_control.o(.bss..L_MergedGlobals)
    dribble_begin_flag                       0x200004b1   Data           1  elev_control.o(.bss..L_MergedGlobals)
    lift_cmplt_count                         0x200004b2   Data           1  elev_control.o(.bss..L_MergedGlobals)
    flag_set_count                           0x200004b3   Data           1  elev_control.o(.bss..L_MergedGlobals)
    ELEV_ACT                                 0x200004b4   Data           1  elev_control.o(.bss..L_MergedGlobals)
    LIFT_GPIO_SET_COUNT                      0x200004b6   Data           2  elev_control.o(.bss..L_MergedGlobals)
    DESC_GPIO_SET_COUNT                      0x200004b8   Data           2  elev_control.o(.bss..L_MergedGlobals)
    lift_cmplt_time                          0x200004bc   Data           4  elev_control.o(.bss..L_MergedGlobals)
    close_begin_count                        0x200004c0   Data           1  door_control.o(.bss..L_MergedGlobals)
    closed_flag                              0x200004c1   Data           1  door_control.o(.bss..L_MergedGlobals)
    falling_count                            0x200004c2   Data           1  door_control.o(.bss..L_MergedGlobals)
    DOOR_ACT                                 0x200004c3   Data           1  door_control.o(.bss..L_MergedGlobals)
    real_time                                0x200004c4   Data           4  door_control.o(.bss..L_MergedGlobals)
    time_closed_begin                        0x200004c8   Data           4  door_control.o(.bss..L_MergedGlobals)
    Enc_Rx                                   0x200004cc   Data          32  encoder.o(.bss..L_MergedGlobals)
    elev                                     0x200004ec   Data          32  encoder.o(.bss..L_MergedGlobals)
    door                                     0x2000050c   Data          32  encoder.o(.bss..L_MergedGlobals)
    RM2006_Sendbuff                          0x2000052c   Data           8  rm2006.o(.bss..L_MergedGlobals)
    RM2006_Feedback_Buff                     0x20000534   Data          56  rm2006.o(.bss..L_MergedGlobals)
    RxMessage                                0x20000570   Data          40  main.o(.bss.RxMessage)
    hfdcan1                                  0x20000598   Data         100  fdcan.o(.bss.hfdcan1)
    hfdcan2                                  0x200005fc   Data         100  fdcan.o(.bss.hfdcan2)
    hfdcan3                                  0x20000660   Data         100  fdcan.o(.bss.hfdcan3)
    htim4                                    0x200006c4   Data          76  tim.o(.bss.htim4)
    htim5                                    0x20000710   Data          76  tim.o(.bss.htim5)
    htim6                                    0x2000075c   Data          76  tim.o(.bss.htim6)
    htim7                                    0x200007a8   Data          76  tim.o(.bss.htim7)
    huart4                                   0x200007f4   Data         148  usart.o(.bss.huart4)
    uwTick                                   0x20000888   Data           4  stm32g4xx_hal.o(.bss.uwTick)



==============================================================================

Memory Map of the image

  Image Entry point : 0x080001d9

  Load Region LR_IROM1 (Base: 0x08000000, Size: 0x00005498, Max: 0x00080000, ABSOLUTE, COMPRESSED[0x000050c0])

    Execution Region ER_IROM1 (Exec base: 0x08000000, Load base: 0x08000000, Size: 0x00005044, Max: 0x00080000, ABSOLUTE)

    Exec Addr    Load Addr    Size         Type   Attr      Idx    E Section Name        Object

    0x08000000   0x08000000   0x000001d8   Data   RO            3    RESET               startup_stm32g474xx.o
    0x080001d8   0x080001d8   0x00000008   Code   RO         1483  * !!!main             c_w.l(__main.o)
    0x080001e0   0x080001e0   0x0000005c   Code   RO         1660    !!!scatter          c_w.l(__scatter.o)
    0x0800023c   0x0800023c   0x0000005a   Code   RO         1658    !!dczerorl2         c_w.l(__dczerorl2.o)
    0x08000296   0x08000296   0x00000002   PAD
    0x08000298   0x08000298   0x00000002   Code   RO         1661    !!handler_null      c_w.l(__scatter.o)
    0x0800029a   0x0800029a   0x00000002   PAD
    0x0800029c   0x0800029c   0x0000001c   Code   RO         1664    !!handler_zi        c_w.l(__scatter_zi.o)
    0x080002b8   0x080002b8   0x00000002   Code   RO         1520    .ARM.Collect$$libinit$$00000000  c_w.l(libinit.o)
    0x080002ba   0x080002ba   0x00000004   Code   RO         1532    .ARM.Collect$$libinit$$00000001  c_w.l(libinit2.o)
    0x080002be   0x080002be   0x00000000   Code   RO         1535    .ARM.Collect$$libinit$$00000004  c_w.l(libinit2.o)
    0x080002be   0x080002be   0x00000000   Code   RO         1537    .ARM.Collect$$libinit$$00000006  c_w.l(libinit2.o)
    0x080002be   0x080002be   0x00000000   Code   RO         1540    .ARM.Collect$$libinit$$0000000C  c_w.l(libinit2.o)
    0x080002be   0x080002be   0x00000000   Code   RO         1542    .ARM.Collect$$libinit$$0000000E  c_w.l(libinit2.o)
    0x080002be   0x080002be   0x00000000   Code   RO         1544    .ARM.Collect$$libinit$$00000010  c_w.l(libinit2.o)
    0x080002be   0x080002be   0x00000000   Code   RO         1547    .ARM.Collect$$libinit$$00000013  c_w.l(libinit2.o)
    0x080002be   0x080002be   0x00000000   Code   RO         1549    .ARM.Collect$$libinit$$00000015  c_w.l(libinit2.o)
    0x080002be   0x080002be   0x00000000   Code   RO         1551    .ARM.Collect$$libinit$$00000017  c_w.l(libinit2.o)
    0x080002be   0x080002be   0x00000000   Code   RO         1553    .ARM.Collect$$libinit$$00000019  c_w.l(libinit2.o)
    0x080002be   0x080002be   0x00000000   Code   RO         1555    .ARM.Collect$$libinit$$0000001B  c_w.l(libinit2.o)
    0x080002be   0x080002be   0x00000000   Code   RO         1557    .ARM.Collect$$libinit$$0000001D  c_w.l(libinit2.o)
    0x080002be   0x080002be   0x00000000   Code   RO         1559    .ARM.Collect$$libinit$$0000001F  c_w.l(libinit2.o)
    0x080002be   0x080002be   0x00000000   Code   RO         1561    .ARM.Collect$$libinit$$00000021  c_w.l(libinit2.o)
    0x080002be   0x080002be   0x00000000   Code   RO         1563    .ARM.Collect$$libinit$$00000023  c_w.l(libinit2.o)
    0x080002be   0x080002be   0x00000000   Code   RO         1565    .ARM.Collect$$libinit$$00000025  c_w.l(libinit2.o)
    0x080002be   0x080002be   0x00000000   Code   RO         1567    .ARM.Collect$$libinit$$00000027  c_w.l(libinit2.o)
    0x080002be   0x080002be   0x00000000   Code   RO         1571    .ARM.Collect$$libinit$$0000002E  c_w.l(libinit2.o)
    0x080002be   0x080002be   0x00000000   Code   RO         1573    .ARM.Collect$$libinit$$00000030  c_w.l(libinit2.o)
    0x080002be   0x080002be   0x00000000   Code   RO         1575    .ARM.Collect$$libinit$$00000032  c_w.l(libinit2.o)
    0x080002be   0x080002be   0x00000000   Code   RO         1577    .ARM.Collect$$libinit$$00000034  c_w.l(libinit2.o)
    0x080002be   0x080002be   0x00000002   Code   RO         1578    .ARM.Collect$$libinit$$00000035  c_w.l(libinit2.o)
    0x080002c0   0x080002c0   0x00000002   Code   RO         1613    .ARM.Collect$$libshutdown$$00000000  c_w.l(libshutdown.o)
    0x080002c2   0x080002c2   0x00000000   Code   RO         1641    .ARM.Collect$$libshutdown$$00000002  c_w.l(libshutdown2.o)
    0x080002c2   0x080002c2   0x00000000   Code   RO         1643    .ARM.Collect$$libshutdown$$00000004  c_w.l(libshutdown2.o)
    0x080002c2   0x080002c2   0x00000000   Code   RO         1646    .ARM.Collect$$libshutdown$$00000007  c_w.l(libshutdown2.o)
    0x080002c2   0x080002c2   0x00000000   Code   RO         1649    .ARM.Collect$$libshutdown$$0000000A  c_w.l(libshutdown2.o)
    0x080002c2   0x080002c2   0x00000000   Code   RO         1651    .ARM.Collect$$libshutdown$$0000000C  c_w.l(libshutdown2.o)
    0x080002c2   0x080002c2   0x00000000   Code   RO         1654    .ARM.Collect$$libshutdown$$0000000F  c_w.l(libshutdown2.o)
    0x080002c2   0x080002c2   0x00000002   Code   RO         1655    .ARM.Collect$$libshutdown$$00000010  c_w.l(libshutdown2.o)
    0x080002c4   0x080002c4   0x00000000   Code   RO         1485    .ARM.Collect$$rtentry$$00000000  c_w.l(__rtentry.o)
    0x080002c4   0x080002c4   0x00000000   Code   RO         1491    .ARM.Collect$$rtentry$$00000002  c_w.l(__rtentry2.o)
    0x080002c4   0x080002c4   0x00000006   Code   RO         1503    .ARM.Collect$$rtentry$$00000004  c_w.l(__rtentry4.o)
    0x080002ca   0x080002ca   0x00000000   Code   RO         1493    .ARM.Collect$$rtentry$$00000009  c_w.l(__rtentry2.o)
    0x080002ca   0x080002ca   0x00000004   Code   RO         1494    .ARM.Collect$$rtentry$$0000000A  c_w.l(__rtentry2.o)
    0x080002ce   0x080002ce   0x00000000   Code   RO         1496    .ARM.Collect$$rtentry$$0000000C  c_w.l(__rtentry2.o)
    0x080002ce   0x080002ce   0x00000008   Code   RO         1497    .ARM.Collect$$rtentry$$0000000D  c_w.l(__rtentry2.o)
    0x080002d6   0x080002d6   0x00000002   Code   RO         1524    .ARM.Collect$$rtexit$$00000000  c_w.l(rtexit.o)
    0x080002d8   0x080002d8   0x00000000   Code   RO         1584    .ARM.Collect$$rtexit$$00000002  c_w.l(rtexit2.o)
    0x080002d8   0x080002d8   0x00000004   Code   RO         1585    .ARM.Collect$$rtexit$$00000003  c_w.l(rtexit2.o)
    0x080002dc   0x080002dc   0x00000006   Code   RO         1586    .ARM.Collect$$rtexit$$00000004  c_w.l(rtexit2.o)
    0x080002e2   0x080002e2   0x00000002   PAD
    0x080002e4   0x080002e4   0x00000040   Code   RO            4    .text               startup_stm32g474xx.o
    0x08000324   0x08000324   0x000000f0   Code   RO         1477    .text               c_w.l(lludivv7m.o)
    0x08000414   0x08000414   0x0000004e   Code   RO         1479    .text               c_w.l(rt_memclr_w.o)
    0x08000462   0x08000462   0x00000006   Code   RO         1481    .text               c_w.l(heapauxi.o)
    0x08000468   0x08000468   0x0000004a   Code   RO         1507    .text               c_w.l(sys_stackheap_outer.o)
    0x080004b2   0x080004b2   0x00000012   Code   RO         1509    .text               c_w.l(exit.o)
    0x080004c4   0x080004c4   0x00000008   Code   RO         1521    .text               c_w.l(libspace.o)
    0x080004cc   0x080004cc   0x0000000c   Code   RO         1579    .text               c_w.l(sys_exit.o)
    0x080004d8   0x080004d8   0x00000002   Code   RO         1602    .text               c_w.l(use_no_semi.o)
    0x080004da   0x080004da   0x00000000   Code   RO         1604    .text               c_w.l(indicate_semi.o)
    0x080004da   0x080004da   0x00000002   PAD
    0x080004dc   0x080004dc   0x00000002   Code   RO          111    .text.BusFault_Handler  stm32g4xx_it.o
    0x080004de   0x080004de   0x00000002   PAD
    0x080004e0   0x080004e0   0x00000002   Code   RO          117    .text.DebugMon_Handler  stm32g4xx_it.o
    0x080004e2   0x080004e2   0x00000002   PAD
    0x080004e4   0x080004e4   0x000000b8   Code   RO         1402    .text.Door_ACT      door_control.o
    0x0800059c   0x0800059c   0x00000058   Code   RO         1400    .text.Door_Act_Set  door_control.o
    0x080005f4   0x080005f4   0x000000cc   Code   RO         1440    .text.Door_Enc_Calulate  encoder.o
    0x080006c0   0x080006c0   0x00000006   Code   RO          123    .text.EXTI1_IRQHandler  stm32g4xx_it.o
    0x080006c6   0x080006c6   0x00000002   PAD
    0x080006c8   0x080006c8   0x00000006   Code   RO          125    .text.EXTI2_IRQHandler  stm32g4xx_it.o
    0x080006ce   0x080006ce   0x00000002   PAD
    0x080006d0   0x080006d0   0x000000cc   Code   RO         1438    .text.Elev_Enc_Calulate  encoder.o
    0x0800079c   0x0800079c   0x000000dc   Code   RO         1380    .text.Elev_State_Send  elev_control.o
    0x08000878   0x08000878   0x00000026   Code   RO         1376    .text.Elev_State_Set  elev_control.o
    0x0800089e   0x0800089e   0x00000002   PAD
    0x080008a0   0x080008a0   0x0000001c   Code   RO         1434    .text.Enc_Get_Feedback  encoder.o
    0x080008bc   0x080008bc   0x000000c4   Code   RO         1432    .text.Enc_Init      encoder.o
    0x08000980   0x08000980   0x0000000a   Code   RO           15    .text.Error_Handler  main.o
    0x0800098a   0x0800098a   0x00000002   PAD
    0x0800098c   0x0800098c   0x0000000c   Code   RO          127    .text.FDCAN1_IT0_IRQHandler  stm32g4xx_it.o
    0x08000998   0x08000998   0x00000086   Code   RO         1412    .text.FDCAN1_Init   fdcan_bsp.o
    0x08000a1e   0x08000a1e   0x00000002   PAD
    0x08000a20   0x08000a20   0x0000000c   Code   RO          139    .text.FDCAN2_IT0_IRQHandler  stm32g4xx_it.o
    0x08000a2c   0x08000a2c   0x00000086   Code   RO         1414    .text.FDCAN2_Init   fdcan_bsp.o
    0x08000ab2   0x08000ab2   0x00000002   PAD
    0x08000ab4   0x08000ab4   0x0000000c   Code   RO          141    .text.FDCAN3_IT0_IRQHandler  stm32g4xx_it.o
    0x08000ac0   0x08000ac0   0x00000086   Code   RO         1416    .text.FDCAN3_Init   fdcan_bsp.o
    0x08000b46   0x08000b46   0x00000002   PAD
    0x08000b48   0x08000b48   0x0000002c   Code   RO         1418    .text.FDCAN_SendData  fdcan_bsp.o
    0x08000b74   0x08000b74   0x00000070   Code   RO          588    .text.HAL_DMA_Abort  stm32g4xx_hal_dma.o
    0x08000be4   0x08000be4   0x00000080   Code   RO          590    .text.HAL_DMA_Abort_IT  stm32g4xx_hal_dma.o
    0x08000c64   0x08000c64   0x00000028   Code   RO          307    .text.HAL_Delay     stm32g4xx_hal.o
    0x08000c8c   0x08000c8c   0x0000010c   Code   RO          246    .text.HAL_FDCAN_ActivateNotification  stm32g4xx_hal_fdcan.o
    0x08000d98   0x08000d98   0x000000b8   Code   RO          218    .text.HAL_FDCAN_AddMessageToTxFifoQ  stm32g4xx_hal_fdcan.o
    0x08000e50   0x08000e50   0x00000060   Code   RO          172    .text.HAL_FDCAN_ConfigFilter  stm32g4xx_hal_fdcan.o
    0x08000eb0   0x08000eb0   0x00000040   Code   RO          174    .text.HAL_FDCAN_ConfigGlobalFilter  stm32g4xx_hal_fdcan.o
    0x08000ef0   0x08000ef0   0x00000002   Code   RO          272    .text.HAL_FDCAN_ErrorCallback  stm32g4xx_hal_fdcan.o
    0x08000ef2   0x08000ef2   0x00000002   PAD
    0x08000ef4   0x08000ef4   0x00000002   Code   RO          270    .text.HAL_FDCAN_ErrorStatusCallback  stm32g4xx_hal_fdcan.o
    0x08000ef6   0x08000ef6   0x00000002   PAD
    0x08000ef8   0x08000ef8   0x00000156   Code   RO          224    .text.HAL_FDCAN_GetRxMessage  stm32g4xx_hal_fdcan.o
    0x0800104e   0x0800104e   0x00000002   PAD
    0x08001050   0x08001050   0x00000002   Code   RO          252    .text.HAL_FDCAN_HighPriorityMessageCallback  stm32g4xx_hal_fdcan.o
    0x08001052   0x08001052   0x00000002   PAD
    0x08001054   0x08001054   0x0000017a   Code   RO          250    .text.HAL_FDCAN_IRQHandler  stm32g4xx_hal_fdcan.o
    0x080011ce   0x080011ce   0x00000002   PAD
    0x080011d0   0x080011d0   0x00000266   Code   RO          158    .text.HAL_FDCAN_Init  stm32g4xx_hal_fdcan.o
    0x08001436   0x08001436   0x00000002   PAD
    0x08001438   0x08001438   0x000001dc   Code   RO           50    .text.HAL_FDCAN_MspInit  fdcan.o
    0x08001614   0x08001614   0x000000d0   Code   RO           19    .text.HAL_FDCAN_RxFifo0Callback  main.o
    0x080016e4   0x080016e4   0x00000058   Code   RO           21    .text.HAL_FDCAN_RxFifo1Callback  main.o
    0x0800173c   0x0800173c   0x0000002c   Code   RO          216    .text.HAL_FDCAN_Start  stm32g4xx_hal_fdcan.o
    0x08001768   0x08001768   0x00000002   Code   RO          268    .text.HAL_FDCAN_TimeoutOccurredCallback  stm32g4xx_hal_fdcan.o
    0x0800176a   0x0800176a   0x00000002   PAD
    0x0800176c   0x0800176c   0x00000002   Code   RO          266    .text.HAL_FDCAN_TimestampWraparoundCallback  stm32g4xx_hal_fdcan.o
    0x0800176e   0x0800176e   0x00000002   PAD
    0x08001770   0x08001770   0x00000002   Code   RO          254    .text.HAL_FDCAN_TxBufferAbortCallback  stm32g4xx_hal_fdcan.o
    0x08001772   0x08001772   0x00000002   PAD
    0x08001774   0x08001774   0x00000002   Code   RO          264    .text.HAL_FDCAN_TxBufferCompleteCallback  stm32g4xx_hal_fdcan.o
    0x08001776   0x08001776   0x00000002   PAD
    0x08001778   0x08001778   0x00000002   Code   RO          256    .text.HAL_FDCAN_TxEventFifoCallback  stm32g4xx_hal_fdcan.o
    0x0800177a   0x0800177a   0x00000002   PAD
    0x0800177c   0x0800177c   0x00000002   Code   RO          262    .text.HAL_FDCAN_TxFifoEmptyCallback  stm32g4xx_hal_fdcan.o
    0x0800177e   0x0800177e   0x00000002   PAD
    0x08001780   0x08001780   0x0000001a   Code   RO           17    .text.HAL_GPIO_EXTI_Callback  main.o
    0x0800179a   0x0800179a   0x00000002   PAD
    0x0800179c   0x0800179c   0x00000016   Code   RO          542    .text.HAL_GPIO_EXTI_IRQHandler  stm32g4xx_hal_gpio.o
    0x080017b2   0x080017b2   0x00000002   PAD
    0x080017b4   0x080017b4   0x000001b2   Code   RO          530    .text.HAL_GPIO_Init  stm32g4xx_hal_gpio.o
    0x08001966   0x08001966   0x00000002   PAD
    0x08001968   0x08001968   0x0000000c   Code   RO          536    .text.HAL_GPIO_WritePin  stm32g4xx_hal_gpio.o
    0x08001974   0x08001974   0x0000000c   Code   RO          299    .text.HAL_GetTick   stm32g4xx_hal.o
    0x08001980   0x08001980   0x0000001a   Code   RO          297    .text.HAL_IncTick   stm32g4xx_hal.o
    0x0800199a   0x0800199a   0x00000002   PAD
    0x0800199c   0x0800199c   0x0000001e   Code   RO          287    .text.HAL_Init      stm32g4xx_hal.o
    0x080019ba   0x080019ba   0x00000002   PAD
    0x080019bc   0x080019bc   0x00000050   Code   RO          289    .text.HAL_InitTick  stm32g4xx_hal.o
    0x08001a0c   0x08001a0c   0x00000034   Code   RO          150    .text.HAL_MspInit   stm32g4xx_hal_msp.o
    0x08001a40   0x08001a40   0x00000022   Code   RO          756    .text.HAL_NVIC_EnableIRQ  stm32g4xx_hal_cortex.o
    0x08001a62   0x08001a62   0x00000002   PAD
    0x08001a64   0x08001a64   0x00000056   Code   RO          754    .text.HAL_NVIC_SetPriority  stm32g4xx_hal_cortex.o
    0x08001aba   0x08001aba   0x00000002   PAD
    0x08001abc   0x08001abc   0x00000020   Code   RO          752    .text.HAL_NVIC_SetPriorityGrouping  stm32g4xx_hal_cortex.o
    0x08001adc   0x08001adc   0x0000010e   Code   RO          672    .text.HAL_PWREx_ControlVoltageScaling  stm32g4xx_hal_pwr_ex.o
    0x08001bea   0x08001bea   0x00000002   PAD
    0x08001bec   0x08001bec   0x00000012   Code   RO          742    .text.HAL_PWREx_DisableUCPDDeadBattery  stm32g4xx_hal_pwr_ex.o
    0x08001bfe   0x08001bfe   0x00000002   PAD
    0x08001c00   0x08001c00   0x000002d6   Code   RO          411    .text.HAL_RCCEx_PeriphCLKConfig  stm32g4xx_hal_rcc_ex.o
    0x08001ed6   0x08001ed6   0x00000002   PAD
    0x08001ed8   0x08001ed8   0x00000304   Code   RO          377    .text.HAL_RCC_ClockConfig  stm32g4xx_hal_rcc.o
    0x080021dc   0x080021dc   0x0000002a   Code   RO          385    .text.HAL_RCC_GetPCLK1Freq  stm32g4xx_hal_rcc.o
    0x08002206   0x08002206   0x00000002   PAD
    0x08002208   0x08002208   0x0000002a   Code   RO          387    .text.HAL_RCC_GetPCLK2Freq  stm32g4xx_hal_rcc.o
    0x08002232   0x08002232   0x00000002   PAD
    0x08002234   0x08002234   0x00000082   Code   RO          379    .text.HAL_RCC_GetSysClockFreq  stm32g4xx_hal_rcc.o
    0x080022b6   0x080022b6   0x00000002   PAD
    0x080022b8   0x080022b8   0x000004ce   Code   RO          375    .text.HAL_RCC_OscConfig  stm32g4xx_hal_rcc.o
    0x08002786   0x08002786   0x00000002   PAD
    0x08002788   0x08002788   0x0000002c   Code   RO          764    .text.HAL_SYSTICK_Config  stm32g4xx_hal_cortex.o
    0x080027b4   0x080027b4   0x00000002   Code   RO         1153    .text.HAL_TIMEx_Break2Callback  stm32g4xx_hal_tim_ex.o
    0x080027b6   0x080027b6   0x00000002   PAD
    0x080027b8   0x080027b8   0x00000002   Code   RO         1151    .text.HAL_TIMEx_BreakCallback  stm32g4xx_hal_tim_ex.o
    0x080027ba   0x080027ba   0x00000002   PAD
    0x080027bc   0x080027bc   0x00000002   Code   RO         1147    .text.HAL_TIMEx_CommutCallback  stm32g4xx_hal_tim_ex.o
    0x080027be   0x080027be   0x00000002   PAD
    0x080027c0   0x080027c0   0x00000002   Code   RO         1157    .text.HAL_TIMEx_DirectionChangeCallback  stm32g4xx_hal_tim_ex.o
    0x080027c2   0x080027c2   0x00000002   PAD
    0x080027c4   0x080027c4   0x00000002   Code   RO         1155    .text.HAL_TIMEx_EncoderIndexCallback  stm32g4xx_hal_tim_ex.o
    0x080027c6   0x080027c6   0x00000002   PAD
    0x080027c8   0x080027c8   0x00000002   Code   RO         1159    .text.HAL_TIMEx_IndexErrorCallback  stm32g4xx_hal_tim_ex.o
    0x080027ca   0x080027ca   0x00000002   PAD
    0x080027cc   0x080027cc   0x000000de   Code   RO         1097    .text.HAL_TIMEx_MasterConfigSynchronization  stm32g4xx_hal_tim_ex.o
    0x080028aa   0x080028aa   0x00000002   PAD
    0x080028ac   0x080028ac   0x00000002   Code   RO         1161    .text.HAL_TIMEx_TransitionErrorCallback  stm32g4xx_hal_tim_ex.o
    0x080028ae   0x080028ae   0x00000002   PAD
    0x080028b0   0x080028b0   0x00000062   Code   RO          802    .text.HAL_TIM_Base_Init  stm32g4xx_hal_tim.o
    0x08002912   0x08002912   0x00000002   PAD
    0x08002914   0x08002914   0x000000a6   Code   RO           74    .text.HAL_TIM_Base_MspInit  tim.o
    0x080029ba   0x080029ba   0x00000002   PAD
    0x080029bc   0x080029bc   0x000000ba   Code   RO          816    .text.HAL_TIM_Base_Start_IT  stm32g4xx_hal_tim.o
    0x08002a76   0x08002a76   0x00000002   PAD
    0x08002a78   0x08002a78   0x00000220   Code   RO          982    .text.HAL_TIM_ConfigClockSource  stm32g4xx_hal_tim.o
    0x08002c98   0x08002c98   0x00000002   Code   RO          938    .text.HAL_TIM_IC_CaptureCallback  stm32g4xx_hal_tim.o
    0x08002c9a   0x08002c9a   0x00000002   PAD
    0x08002c9c   0x08002c9c   0x000001cc   Code   RO          936    .text.HAL_TIM_IRQHandler  stm32g4xx_hal_tim.o
    0x08002e68   0x08002e68   0x00000002   Code   RO          940    .text.HAL_TIM_OC_DelayElapsedCallback  stm32g4xx_hal_tim.o
    0x08002e6a   0x08002e6a   0x00000002   PAD
    0x08002e6c   0x08002e6c   0x00000002   Code   RO          942    .text.HAL_TIM_PWM_PulseFinishedCallback  stm32g4xx_hal_tim.o
    0x08002e6e   0x08002e6e   0x00000002   PAD
    0x08002e70   0x08002e70   0x00000060   Code   RO           23    .text.HAL_TIM_PeriodElapsedCallback  main.o
    0x08002ed0   0x08002ed0   0x00000002   Code   RO          946    .text.HAL_TIM_TriggerCallback  stm32g4xx_hal_tim.o
    0x08002ed2   0x08002ed2   0x00000002   PAD
    0x08002ed4   0x08002ed4   0x00000036   Code   RO         1338    .text.HAL_UARTEx_DisableFifoMode  stm32g4xx_hal_uart_ex.o
    0x08002f0a   0x08002f0a   0x00000002   PAD
    0x08002f0c   0x08002f0c   0x00000002   Code   RO         1266    .text.HAL_UARTEx_RxEventCallback  stm32g4xx_hal_uart.o
    0x08002f0e   0x08002f0e   0x00000002   PAD
    0x08002f10   0x08002f10   0x00000002   Code   RO         1324    .text.HAL_UARTEx_RxFifoFullCallback  stm32g4xx_hal_uart_ex.o
    0x08002f12   0x08002f12   0x00000002   PAD
    0x08002f14   0x08002f14   0x0000008c   Code   RO         1342    .text.HAL_UARTEx_SetRxFifoThreshold  stm32g4xx_hal_uart_ex.o
    0x08002fa0   0x08002fa0   0x0000008c   Code   RO         1340    .text.HAL_UARTEx_SetTxFifoThreshold  stm32g4xx_hal_uart_ex.o
    0x0800302c   0x0800302c   0x00000002   Code   RO         1326    .text.HAL_UARTEx_TxFifoEmptyCallback  stm32g4xx_hal_uart_ex.o
    0x0800302e   0x0800302e   0x00000002   PAD
    0x08003030   0x08003030   0x00000002   Code   RO         1322    .text.HAL_UARTEx_WakeupCallback  stm32g4xx_hal_uart_ex.o
    0x08003032   0x08003032   0x00000002   PAD
    0x08003034   0x08003034   0x00000002   Code   RO         1264    .text.HAL_UART_ErrorCallback  stm32g4xx_hal_uart.o
    0x08003036   0x08003036   0x00000002   PAD
    0x08003038   0x08003038   0x0000064e   Code   RO         1260    .text.HAL_UART_IRQHandler  stm32g4xx_hal_uart.o
    0x08003686   0x08003686   0x00000002   PAD
    0x08003688   0x08003688   0x00000064   Code   RO         1176    .text.HAL_UART_Init  stm32g4xx_hal_uart.o
    0x080036ec   0x080036ec   0x000000a4   Code   RO           92    .text.HAL_UART_MspInit  usart.o
    0x08003790   0x08003790   0x00000002   Code   RO         1268    .text.HAL_UART_TxCpltCallback  stm32g4xx_hal_uart.o
    0x08003792   0x08003792   0x00000002   PAD
    0x08003794   0x08003794   0x00000002   Code   RO          107    .text.HardFault_Handler  stm32g4xx_it.o
    0x08003796   0x08003796   0x00000002   PAD
    0x08003798   0x08003798   0x00000052   Code   RO           44    .text.MX_FDCAN1_Init  fdcan.o
    0x080037ea   0x080037ea   0x00000002   PAD
    0x080037ec   0x080037ec   0x00000052   Code   RO           46    .text.MX_FDCAN2_Init  fdcan.o
    0x0800383e   0x0800383e   0x00000002   PAD
    0x08003840   0x08003840   0x00000052   Code   RO           48    .text.MX_FDCAN3_Init  fdcan.o
    0x08003892   0x08003892   0x00000002   PAD
    0x08003894   0x08003894   0x000000f0   Code   RO           35    .text.MX_GPIO_Init  gpio.o
    0x08003984   0x08003984   0x00000078   Code   RO           66    .text.MX_TIM4_Init  tim.o
    0x080039fc   0x080039fc   0x00000078   Code   RO           68    .text.MX_TIM5_Init  tim.o
    0x08003a74   0x08003a74   0x00000050   Code   RO           70    .text.MX_TIM6_Init  tim.o
    0x08003ac4   0x08003ac4   0x00000050   Code   RO           72    .text.MX_TIM7_Init  tim.o
    0x08003b14   0x08003b14   0x00000082   Code   RO           90    .text.MX_UART4_Init  usart.o
    0x08003b96   0x08003b96   0x00000002   PAD
    0x08003b98   0x08003b98   0x00000002   Code   RO          109    .text.MemManage_Handler  stm32g4xx_it.o
    0x08003b9a   0x08003b9a   0x00000002   PAD
    0x08003b9c   0x08003b9c   0x00000002   Code   RO          105    .text.NMI_Handler   stm32g4xx_it.o
    0x08003b9e   0x08003b9e   0x00000002   PAD
    0x08003ba0   0x08003ba0   0x00000002   Code   RO          119    .text.PendSV_Handler  stm32g4xx_it.o
    0x08003ba2   0x08003ba2   0x00000002   PAD
    0x08003ba4   0x08003ba4   0x0000001c   Code   RO         1452    .text.RM2006_Get_Feedback  rm2006.o
    0x08003bc0   0x08003bc0   0x0000004a   Code   RO         1456    .text.RM2006_Set_I  rm2006.o
    0x08003c0a   0x08003c0a   0x00000002   PAD
    0x08003c0c   0x08003c0c   0x000004b8   Code   RO         1462    .text.RM2006_Set_Pos  rm2006.o
    0x080040c4   0x080040c4   0x00000160   Code   RO         1460    .text.RM2006_Set_Speed  rm2006.o
    0x08004224   0x08004224   0x00000012   Code   RO         1396    .text.Realtime      door_control.o
    0x08004236   0x08004236   0x00000002   PAD
    0x08004238   0x08004238   0x00000002   Code   RO          115    .text.SVC_Handler   stm32g4xx_it.o
    0x0800423a   0x0800423a   0x00000002   PAD
    0x0800423c   0x0800423c   0x000000f0   Code   RO         1378    .text.Set_Elev_Pos  elev_control.o
    0x0800432c   0x0800432c   0x00000004   Code   RO          121    .text.SysTick_Handler  stm32g4xx_it.o
    0x08004330   0x08004330   0x00000012   Code   RO         1361    .text.SystemInit    system_stm32g4xx.o
    0x08004342   0x08004342   0x00000002   PAD
    0x08004344   0x08004344   0x0000000c   Code   RO          129    .text.TIM4_IRQHandler  stm32g4xx_it.o
    0x08004350   0x08004350   0x0000000c   Code   RO          131    .text.TIM5_IRQHandler  stm32g4xx_it.o
    0x0800435c   0x0800435c   0x0000000c   Code   RO          135    .text.TIM6_DAC_IRQHandler  stm32g4xx_it.o
    0x08004368   0x08004368   0x0000000c   Code   RO          137    .text.TIM7_DAC_IRQHandler  stm32g4xx_it.o
    0x08004374   0x08004374   0x00000152   Code   RO          806    .text.TIM_Base_SetConfig  stm32g4xx_hal_tim.o
    0x080044c6   0x080044c6   0x00000002   PAD
    0x080044c8   0x080044c8   0x0000000c   Code   RO          133    .text.UART4_IRQHandler  stm32g4xx_it.o
    0x080044d4   0x080044d4   0x000000e6   Code   RO         1180    .text.UART_AdvFeatureConfig  stm32g4xx_hal_uart.o
    0x080045ba   0x080045ba   0x00000002   PAD
    0x080045bc   0x080045bc   0x0000016a   Code   RO         1184    .text.UART_CheckIdleState  stm32g4xx_hal_uart.o
    0x08004726   0x08004726   0x00000002   PAD
    0x08004728   0x08004728   0x0000000c   Code   RO         1262    .text.UART_DMAAbortOnError  stm32g4xx_hal_uart.o
    0x08004734   0x08004734   0x000002b4   Code   RO         1182    .text.UART_SetConfig  stm32g4xx_hal_uart.o
    0x080049e8   0x080049e8   0x00000336   Code   RO         1198    .text.UART_WaitOnFlagUntilTimeout  stm32g4xx_hal_uart.o
    0x08004d1e   0x08004d1e   0x00000002   PAD
    0x08004d20   0x08004d20   0x00000002   Code   RO          113    .text.UsageFault_Handler  stm32g4xx_it.o
    0x08004d22   0x08004d22   0x00000002   PAD
    0x08004d24   0x08004d24   0x000000a6   Code   RO         1384    .text.dribble_set   elev_control.o
    0x08004dca   0x08004dca   0x00000002   PAD
    0x08004dcc   0x08004dcc   0x000000e0   Code   RO         1386    .text.elev_status_judge  elev_control.o
    0x08004eac   0x08004eac   0x000000fc   Code   RO           11    .text.main          main.o
    0x08004fa8   0x08004fa8   0x0000001a   Code   RO         1596    x$fpl$fpinit        fz_wm.l(fpinit.o)
    0x08004fc2   0x08004fc2   0x00000010   Data   RO         1366    .rodata.AHBPrescTable  system_stm32g4xx.o
    0x08004fd2   0x08004fd2   0x00000008   Data   RO         1367    .rodata.APBPrescTable  system_stm32g4xx.o
    0x08004fda   0x08004fda   0x00000018   Data   RO         1310    .rodata.UARTPrescTable  stm32g4xx_hal_uart.o
    0x08004ff2   0x08004ff2   0x00000010   Data   RO          278    .rodata.cst16       stm32g4xx_hal_fdcan.o
    0x08005002   0x08005002   0x00000002   PAD
    0x08005004   0x08005004   0x00000010   Data   RO         1311    .rodata.cst16       stm32g4xx_hal_uart.o
    0x08005014   0x08005014   0x00000010   Data   RO         1352    .rodata.cst8        stm32g4xx_hal_uart_ex.o
    0x08005024   0x08005024   0x00000020   Data   RO         1657    Region$$Table       anon$$obj.o


    Execution Region RW_IRAM1 (Exec base: 0x20000000, Load base: 0x08005048, Size: 0x00000e90, Max: 0x00020000, ABSOLUTE, COMPRESSED[0x00000078])

    Exec Addr    Load Addr    Size         Type   Attr      Idx    E Section Name        Object

    0x20000000   COMPRESSED   0x00000008   Data   RW          364    .data..L_MergedGlobals  stm32g4xx_hal.o
    0x20000008   COMPRESSED   0x00000001   Data   RW         1442    .data.Enc_Init_count  encoder.o
    0x20000009   COMPRESSED   0x00000003   PAD
    0x2000000c   COMPRESSED   0x00000220   Data   RW         1466    .data.M2006_Pos_Pid  rm2006.o
    0x2000022c   COMPRESSED   0x00000220   Data   RW         1465    .data.M2006_Speed_Pid  rm2006.o
    0x2000044c   COMPRESSED   0x00000004   Data   RW         1365    .data.SystemCoreClock  system_stm32g4xx.o
    0x20000450        -       0x00000060   Zero   RW         1522    .bss                c_w.l(libspace.o)
    0x200004b0        -       0x00000010   Zero   RW         1388    .bss..L_MergedGlobals  elev_control.o
    0x200004c0        -       0x0000000c   Zero   RW         1404    .bss..L_MergedGlobals  door_control.o
    0x200004cc        -       0x00000060   Zero   RW         1443    .bss..L_MergedGlobals  encoder.o
    0x2000052c        -       0x00000040   Zero   RW         1467    .bss..L_MergedGlobals  rm2006.o
    0x2000056c        -       0x00000004   Zero   RW           57    .bss.HAL_RCC_FDCAN_CLK_ENABLED  fdcan.o
    0x20000570        -       0x00000028   Zero   RW           25    .bss.RxMessage      main.o
    0x20000598        -       0x00000064   Zero   RW           54    .bss.hfdcan1        fdcan.o
    0x200005fc        -       0x00000064   Zero   RW           55    .bss.hfdcan2        fdcan.o
    0x20000660        -       0x00000064   Zero   RW           56    .bss.hfdcan3        fdcan.o
    0x200006c4        -       0x0000004c   Zero   RW           78    .bss.htim4          tim.o
    0x20000710        -       0x0000004c   Zero   RW           79    .bss.htim5          tim.o
    0x2000075c        -       0x0000004c   Zero   RW           80    .bss.htim6          tim.o
    0x200007a8        -       0x0000004c   Zero   RW           81    .bss.htim7          tim.o
    0x200007f4        -       0x00000094   Zero   RW           96    .bss.huart4         usart.o
    0x20000888        -       0x00000004   Zero   RW          363    .bss.uwTick         stm32g4xx_hal.o
    0x2000088c   COMPRESSED   0x00000004   PAD
    0x20000890        -       0x00000200   Zero   RW            2    HEAP                startup_stm32g474xx.o
    0x20000a90        -       0x00000400   Zero   RW            1    STACK               startup_stm32g474xx.o


==============================================================================

Image component sizes


      Code (inc. data)   RO Data    RW Data    ZI Data      Debug   Object Name

       290         16          0          0         12       4063   door_control.o
       888         28          0          0         16       5169   elev_control.o
       632         32          0          1         96       3616   encoder.o
       722          0          0          0        304       9015   fdcan.o
       446          0          0          0          0       5294   fdcan_bsp.o
       240          0          0          0          0       4754   gpio.o
       680          0          0          0         40      10461   main.o
      1662         12          0       1088         64       6936   rm2006.o
        64         26        472          0       1536        832   startup_stm32g474xx.o
       188          0          0          8          4       9560   stm32g4xx_hal.o
       196          0          0          0          0      11058   stm32g4xx_hal_cortex.o
       240          0          0          0          0       9124   stm32g4xx_hal_dma.o
      2008          0         16          0          0      23133   stm32g4xx_hal_fdcan.o
       468          0          0          0          0       5206   stm32g4xx_hal_gpio.o
        52          0          0          0          0       1731   stm32g4xx_hal_msp.o
       288          0          0          0          0       9065   stm32g4xx_hal_pwr_ex.o
      2216          0          0          0          0      10062   stm32g4xx_hal_rcc.o
       726          0          0          0          0      11139   stm32g4xx_hal_rcc_ex.o
      1634          0          0          0          0      62851   stm32g4xx_hal_tim.o
       236          0          0          0          0      30398   stm32g4xx_hal_tim_ex.o
      3838         48         40          0          0      41731   stm32g4xx_hal_uart.o
       340          0         16          0          0      11182   stm32g4xx_hal_uart_ex.o
       128          0          0          0          0       9566   stm32g4xx_it.o
        18          0         24          4          0       2735   system_stm32g4xx.o
       566          4          0          0        304       9768   tim.o
       294          0          0          0        148       9225   usart.o

    ----------------------------------------------------------------------
     19212        166        602       1104       2528     317674   Object Totals
         0          0         32          0          0          0   (incl. Generated)
       152          0          2          3          4          0   (incl. Padding)

    ----------------------------------------------------------------------

      Code (inc. data)   RO Data    RW Data    ZI Data      Debug   Library Member Name

        90          0          0          0          0          0   __dczerorl2.o
         8          0          0          0          0         68   __main.o
         0          0          0          0          0          0   __rtentry.o
        12          0          0          0          0          0   __rtentry2.o
         6          0          0          0          0          0   __rtentry4.o
        94          8          0          0          0          0   __scatter.o
        28          0          0          0          0          0   __scatter_zi.o
        18          0          0          0          0         80   exit.o
         6          0          0          0          0        152   heapauxi.o
         0          0          0          0          0          0   indicate_semi.o
         2          0          0          0          0          0   libinit.o
         6          0          0          0          0          0   libinit2.o
         2          0          0          0          0          0   libshutdown.o
         2          0          0          0          0          0   libshutdown2.o
         8          4          0          0         96         68   libspace.o
       240          0          0          0          0        100   lludivv7m.o
        78          0          0          0          0         80   rt_memclr_w.o
         2          0          0          0          0          0   rtexit.o
        10          0          0          0          0          0   rtexit2.o
        12          4          0          0          0         68   sys_exit.o
        74          0          0          0          0         80   sys_stackheap_outer.o
         2          0          0          0          0         68   use_no_semi.o
        26          0          0          0          0        116   fpinit.o

    ----------------------------------------------------------------------
       734         16          0          0         96        880   Library Totals
         8          0          0          0          0          0   (incl. Padding)

    ----------------------------------------------------------------------

      Code (inc. data)   RO Data    RW Data    ZI Data      Debug   Library Name

       700         16          0          0         96        764   c_w.l
        26          0          0          0          0        116   fz_wm.l

    ----------------------------------------------------------------------
       734         16          0          0         96        880   Library Totals

    ----------------------------------------------------------------------

==============================================================================


      Code (inc. data)   RO Data    RW Data    ZI Data      Debug   

     19946        182        602       1104       2624     317882   Grand Totals
     19946        182        602        120       2624     317882   ELF Image Totals (compressed)
     19946        182        602        120          0          0   ROM Totals

==============================================================================

    Total RO  Size (Code + RO Data)                20548 (  20.07kB)
    Total RW  Size (RW Data + ZI Data)              3728 (   3.64kB)
    Total ROM Size (Code + RO Data + RW Data)      20668 (  20.18kB)

==============================================================================

