<html>
<body>
<pre>
<h1>µVision Build Log</h1>
<h2>Tool Versions:</h2>
IDE-Version: ¦ÌVision V5.41.0.0
Copyright (C) 2024 ARM Ltd and ARM Germany GmbH. All rights reserved.
License Information: 1 Dianacoel, 1, LIC=ATTQ1-CN6P3-HLXCL-01GEQ-RA7NX-3KDUC
 
Tool Versions:
Toolchain:       MDK-ARM Plus  Version: 5.41.0.0
Toolchain Path:  D:\Keil_v5\ARM\ARMCLANG\Bin
C Compiler:      ArmClang.exe V6.22
Assembler:       Armasm.exe V6.22
Linker/Locator:  ArmLink.exe V6.22
Library Manager: ArmAr.exe V6.22
Hex Converter:   FromElf.exe V6.22
CPU DLL:         SARMCM3.DLL V5.41.0.0
Dialog DLL:      DCM.DLL V1.17.5.0
Target DLL:      CMSIS_AGDI.dll V1.33.21.0
Dialog DLL:      TCM.DLL V1.56.4.0
 
<h2>Project:</h2>
D:\Dianacoel_Git\R1_dribble_V2.0\MDK-ARM\R1_dribble_V2.0.uvprojx
Project File Date:  12/10/2024

<h2>Output:</h2>
*** Using Compiler 'V6.22', folder: 'D:\Keil_v5\ARM\ARMCLANG\Bin'
Rebuild target 'R1_dribble_V2.0'
compiling main.c...
compiling fdcan.c...
compiling gpio.c...
compiling usart.c...
assembling startup_stm32g474xx.s...
compiling stm32g4xx_hal_rcc_ex.c...
compiling stm32g4xx_hal_msp.c...
compiling stm32g4xx_hal_exti.c...
compiling stm32g4xx_hal_fdcan.c...
compiling stm32g4xx_hal_dma_ex.c...
compiling stm32g4xx_hal_flash_ex.c...
compiling stm32g4xx_hal_flash_ramfunc.c...
compiling stm32g4xx_hal_dma.c...
compiling stm32g4xx_hal_gpio.c...
compiling stm32g4xx_hal.c...
compiling tim.c...
compiling stm32g4xx_it.c...
compiling stm32g4xx_hal_flash.c...
compiling stm32g4xx_hal_cortex.c...
compiling stm32g4xx_hal_pwr.c...
compiling elev_control.c...
compiling fdcan_bsp.c...
compiling system_stm32g4xx.c...
compiling stm32g4xx_hal_rcc.c...
compiling stm32g4xx_hal_uart_ex.c...
compiling stm32g4xx_hal_pwr_ex.c...
compiling door_control.c...
compiling encoder.c...
compiling rm2006.c...
compiling stm32g4xx_hal_tim_ex.c...
compiling stm32g4xx_hal_uart.c...
compiling stm32g4xx_hal_tim.c...
linking...
Program Size: Code=19946 RO-data=602 RW-data=1104 ZI-data=2624  
FromELF: creating hex file...
"R1_dribble_V2.0\R1_dribble_V2.0" - 0 Error(s), 0 Warning(s).

<h2>Software Packages used:</h2>

Package Vendor: ARM
                https://www.keil.com/pack/ARM.CMSIS.6.1.0.pack
                ARM::CMSIS@6.1.0
                CMSIS (Common Microcontroller Software Interface Standard)
   * Component: CORE Version: 6.1.0

Package Vendor: Keil
                https://www.keil.com/pack/Keil.STM32G4xx_DFP.1.6.0.pack
                Keil::STM32G4xx_DFP@1.6.0
                STMicroelectronics STM32G4 Series Device Support, Drivers and Examples

<h2>Collection of Component include folders:</h2>
  ./RTE/_R1_dribble_V2.0
  D:/Keil_v5ARM_PACK/ARM/CMSIS/6.1.0/CMSIS/Core/Include
  D:/Keil_v5ARM_PACK/Keil/STM32G4xx_DFP/1.6.0/Drivers/CMSIS/Device/ST/STM32G4xx/Include

<h2>Collection of Component Files used:</h2>

   * Component: ARM::CMSIS:CORE@6.1.0
      Include file:  CMSIS/Core/Include/tz_context.h
Build Time Elapsed:  00:00:02
</pre>
</body>
</html>
